Archive member included to satisfy reference by file (symbol)

/home/daniels/.config/Code/User/globalStorage/bmd.stm32-for-vscode/@xpack-dev-tools/arm-none-eabi-gcc/12.2.1-1.2.1/.content/bin/../lib/gcc/arm-none-eabi/12.2.1/../../../../arm-none-eabi/lib/thumb/v7e-m+fp/hard/libc_nano.a(libc_a-atexit.o)
                              /home/daniels/.config/Code/User/globalStorage/bmd.stm32-for-vscode/@xpack-dev-tools/arm-none-eabi-gcc/12.2.1-1.2.1/.content/bin/../lib/gcc/arm-none-eabi/12.2.1/../../../../arm-none-eabi/lib/thumb/v7e-m+fp/hard/crt0.o (atexit)
/home/daniels/.config/Code/User/globalStorage/bmd.stm32-for-vscode/@xpack-dev-tools/arm-none-eabi-gcc/12.2.1-1.2.1/.content/bin/../lib/gcc/arm-none-eabi/12.2.1/../../../../arm-none-eabi/lib/thumb/v7e-m+fp/hard/libc_nano.a(libc_a-exit.o)
                              /home/daniels/.config/Code/User/globalStorage/bmd.stm32-for-vscode/@xpack-dev-tools/arm-none-eabi-gcc/12.2.1-1.2.1/.content/bin/../lib/gcc/arm-none-eabi/12.2.1/../../../../arm-none-eabi/lib/thumb/v7e-m+fp/hard/crt0.o (exit)
/home/daniels/.config/Code/User/globalStorage/bmd.stm32-for-vscode/@xpack-dev-tools/arm-none-eabi-gcc/12.2.1-1.2.1/.content/bin/../lib/gcc/arm-none-eabi/12.2.1/../../../../arm-none-eabi/lib/thumb/v7e-m+fp/hard/libc_nano.a(libc_a-findfp.o)
                              /home/daniels/.config/Code/User/globalStorage/bmd.stm32-for-vscode/@xpack-dev-tools/arm-none-eabi-gcc/12.2.1-1.2.1/.content/bin/../lib/gcc/arm-none-eabi/12.2.1/../../../../arm-none-eabi/lib/thumb/v7e-m+fp/hard/libc_nano.a(libc_a-exit.o) (__stdio_exit_handler)
/home/daniels/.config/Code/User/globalStorage/bmd.stm32-for-vscode/@xpack-dev-tools/arm-none-eabi-gcc/12.2.1-1.2.1/.content/bin/../lib/gcc/arm-none-eabi/12.2.1/../../../../arm-none-eabi/lib/thumb/v7e-m+fp/hard/libc_nano.a(libc_a-fwalk.o)
                              /home/daniels/.config/Code/User/globalStorage/bmd.stm32-for-vscode/@xpack-dev-tools/arm-none-eabi-gcc/12.2.1-1.2.1/.content/bin/../lib/gcc/arm-none-eabi/12.2.1/../../../../arm-none-eabi/lib/thumb/v7e-m+fp/hard/libc_nano.a(libc_a-findfp.o) (_fwalk_sglue)
/home/daniels/.config/Code/User/globalStorage/bmd.stm32-for-vscode/@xpack-dev-tools/arm-none-eabi-gcc/12.2.1-1.2.1/.content/bin/../lib/gcc/arm-none-eabi/12.2.1/../../../../arm-none-eabi/lib/thumb/v7e-m+fp/hard/libc_nano.a(libc_a-stdio.o)
                              /home/daniels/.config/Code/User/globalStorage/bmd.stm32-for-vscode/@xpack-dev-tools/arm-none-eabi-gcc/12.2.1-1.2.1/.content/bin/../lib/gcc/arm-none-eabi/12.2.1/../../../../arm-none-eabi/lib/thumb/v7e-m+fp/hard/libc_nano.a(libc_a-findfp.o) (__sread)
/home/daniels/.config/Code/User/globalStorage/bmd.stm32-for-vscode/@xpack-dev-tools/arm-none-eabi-gcc/12.2.1-1.2.1/.content/bin/../lib/gcc/arm-none-eabi/12.2.1/../../../../arm-none-eabi/lib/thumb/v7e-m+fp/hard/libc_nano.a(libc_a-memset.o)
                              /home/daniels/.config/Code/User/globalStorage/bmd.stm32-for-vscode/@xpack-dev-tools/arm-none-eabi-gcc/12.2.1-1.2.1/.content/bin/../lib/gcc/arm-none-eabi/12.2.1/../../../../arm-none-eabi/lib/thumb/v7e-m+fp/hard/crt0.o (memset)
/home/daniels/.config/Code/User/globalStorage/bmd.stm32-for-vscode/@xpack-dev-tools/arm-none-eabi-gcc/12.2.1-1.2.1/.content/bin/../lib/gcc/arm-none-eabi/12.2.1/../../../../arm-none-eabi/lib/thumb/v7e-m+fp/hard/libc_nano.a(libc_a-closer.o)
                              /home/daniels/.config/Code/User/globalStorage/bmd.stm32-for-vscode/@xpack-dev-tools/arm-none-eabi-gcc/12.2.1-1.2.1/.content/bin/../lib/gcc/arm-none-eabi/12.2.1/../../../../arm-none-eabi/lib/thumb/v7e-m+fp/hard/libc_nano.a(libc_a-stdio.o) (_close_r)
/home/daniels/.config/Code/User/globalStorage/bmd.stm32-for-vscode/@xpack-dev-tools/arm-none-eabi-gcc/12.2.1-1.2.1/.content/bin/../lib/gcc/arm-none-eabi/12.2.1/../../../../arm-none-eabi/lib/thumb/v7e-m+fp/hard/libc_nano.a(libc_a-reent.o)
                              /home/daniels/.config/Code/User/globalStorage/bmd.stm32-for-vscode/@xpack-dev-tools/arm-none-eabi-gcc/12.2.1-1.2.1/.content/bin/../lib/gcc/arm-none-eabi/12.2.1/../../../../arm-none-eabi/lib/thumb/v7e-m+fp/hard/libc_nano.a(libc_a-closer.o) (errno)
/home/daniels/.config/Code/User/globalStorage/bmd.stm32-for-vscode/@xpack-dev-tools/arm-none-eabi-gcc/12.2.1-1.2.1/.content/bin/../lib/gcc/arm-none-eabi/12.2.1/../../../../arm-none-eabi/lib/thumb/v7e-m+fp/hard/libc_nano.a(libc_a-impure.o)
                              /home/daniels/.config/Code/User/globalStorage/bmd.stm32-for-vscode/@xpack-dev-tools/arm-none-eabi-gcc/12.2.1-1.2.1/.content/bin/../lib/gcc/arm-none-eabi/12.2.1/../../../../arm-none-eabi/lib/thumb/v7e-m+fp/hard/libc_nano.a(libc_a-reent.o) (_impure_ptr)
/home/daniels/.config/Code/User/globalStorage/bmd.stm32-for-vscode/@xpack-dev-tools/arm-none-eabi-gcc/12.2.1-1.2.1/.content/bin/../lib/gcc/arm-none-eabi/12.2.1/../../../../arm-none-eabi/lib/thumb/v7e-m+fp/hard/libc_nano.a(libc_a-lseekr.o)
[...]
Memory Configuration

Name             Origin             Length             Attributes
RAM              0x0000000020000000 0x0000000000050000 xrw
RAM2             0x0000000010000000 0x0000000000010000 xrw
FLASH            0x0000000008000000 0x0000000000100000 xr
*default*        0x0000000000000000 0xffffffffffffffff

Linker script and memory map

LOAD /home/daniels/.config/Code/User/globalStorage/bmd.stm32-for-vscode/@xpack-dev-tools/arm-none-eabi-gcc/12.2.1-1.2.1/.content/bin/../lib/gcc/arm-none-eabi/12.2.1/thumb/v7e-m+fp/hard/crti.o
LOAD /home/daniels/.config/Code/User/globalStorage/bmd.stm32-for-vscode/@xpack-dev-tools/arm-none-eabi-gcc/12.2.1-1.2.1/.content/bin/../lib/gcc/arm-none-eabi/12.2.1/thumb/v7e-m+fp/hard/crtbegin.o
LOAD /home/daniels/.config/Code/User/globalStorage/bmd.stm32-for-vscode/@xpack-dev-tools/arm-none-eabi-gcc/12.2.1-1.2.1/.content/bin/../lib/gcc/arm-none-eabi/12.2.1/../../../../arm-none-eabi/lib/thumb/v7e-m+fp/hard/crt0.o
LOAD build/freertos.o
LOAD build/main.o
LOAD build/stm32l4xx_hal_msp.o
LOAD build/stm32l4xx_hal_timebase_tim.o
LOAD build/stm32l4xx_it.o
LOAD build/system_stm32l4xx.o
LOAD build/m281_relay.o
LOAD build/stm32l4xx_hal.o
LOAD build/stm32l4xx_hal_cortex.o
LOAD build/stm32l4xx_hal_dma.o
LOAD build/stm32l4xx_hal_dma_ex.o
LOAD build/stm32l4xx_hal_exti.o
LOAD build/stm32l4xx_hal_flash.o
LOAD build/stm32l4xx_hal_flash_ex.o
LOAD build/stm32l4xx_hal_flash_ramfunc.o
LOAD build/stm32l4xx_hal_gpio.o
LOAD build/stm32l4xx_hal_pcd.o
LOAD build/stm32l4xx_hal_pcd_ex.o
LOAD build/stm32l4xx_hal_pwr.o
LOAD build/stm32l4xx_hal_pwr_ex.o
LOAD build/stm32l4xx_hal_rcc.o
LOAD build/stm32l4xx_hal_rcc_ex.o
LOAD build/stm32l4xx_hal_tim.o
LOAD build/stm32l4xx_hal_tim_ex.o
LOAD build/stm32l4xx_hal_uart.o
LOAD build/stm32l4xx_hal_uart_ex.o
LOAD build/stm32l4xx_ll_usb.o
LOAD build/cmsis_os2.o
LOAD build/croutine.o
LOAD build/event_groups.o
LOAD build/list.o
LOAD build/port.o
LOAD build/heap_4.o
LOAD build/queue.o
LOAD build/stream_buffer.o
LOAD build/tasks.o
LOAD build/timers.o
LOAD build/startup_stm32l496xx.o
LOAD /home/daniels/.config/Code/User/globalStorage/bmd.stm32-for-vscode/@xpack-dev-tools/arm-none-eabi-gcc/12.2.1-1.2.1/.content/bin/../lib/gcc/arm-none-eabi/12.2.1/../../../../arm-none-eabi/lib/thumb/v7e-m+fp/hard/libc_nano.a
LOAD /home/daniels/.config/Code/User/globalStorage/bmd.stm32-for-vscode/@xpack-dev-tools/arm-none-eabi-gcc/12.2.1-1.2.1/.content/bin/../lib/gcc/arm-none-eabi/12.2.1/../../../../arm-none-eabi/lib/thumb/v7e-m+fp/hard/libm.a
LOAD /home/daniels/.config/Code/User/globalStorage/bmd.stm32-for-vscode/@xpack-dev-tools/arm-none-eabi-gcc/12.2.1-1.2.1/.content/bin/../lib/gcc/arm-none-eabi/12.2.1/../../../../arm-none-eabi/lib/thumb/v7e-m+fp/hard/libnosys.a
START GROUP
LOAD /home/daniels/.config/Code/User/globalStorage/bmd.stm32-for-vscode/@xpack-dev-tools/arm-none-eabi-gcc/12.2.1-1.2.1/.content/bin/../lib/gcc/arm-none-eabi/12.2.1/thumb/v7e-m+fp/hard/libgcc.a
LOAD /home/daniels/.config/Code/User/globalStorage/bmd.stm32-for-vscode/@xpack-dev-tools/arm-none-eabi-gcc/12.2.1-1.2.1/.content/bin/../lib/gcc/arm-none-eabi/12.2.1/../../../../arm-none-eabi/lib/thumb/v7e-m+fp/hard/libc_nano.a
END GROUP
START GROUP
LOAD /home/daniels/.config/Code/User/globalStorage/bmd.stm32-for-vscode/@xpack-dev-tools/arm-none-eabi-gcc/12.2.1-1.2.1/.content/bin/../lib/gcc/arm-none-eabi/12.2.1/thumb/v7e-m+fp/hard/libgcc.a
LOAD /home/daniels/.config/Code/User/globalStorage/bmd.stm32-for-vscode/@xpack-dev-tools/arm-none-eabi-gcc/12.2.1-1.2.1/.content/bin/../lib/gcc/arm-none-eabi/12.2.1/../../../../arm-none-eabi/lib/thumb/v7e-m+fp/hard/libc_nano.a
END GROUP
LOAD /home/daniels/.config/Code/User/globalStorage/bmd.stm32-for-vscode/@xpack-dev-tools/arm-none-eabi-gcc/12.2.1-1.2.1/.content/bin/../lib/gcc/arm-none-eabi/12.2.1/thumb/v7e-m+fp/hard/crtend.o
LOAD /home/daniels/.config/Code/User/globalStorage/bmd.stm32-for-vscode/@xpack-dev-tools/arm-none-eabi-gcc/12.2.1-1.2.1/.content/bin/../lib/gcc/arm-none-eabi/12.2.1/thumb/v7e-m+fp/hard/crtn.o
                0x0000000020050000                _estack = (ORIGIN (RAM) + LENGTH (RAM))
                0x0000000000000200                _Min_Heap_Size = 0x200
                0x0000000000000400                _Min_Stack_Size = 0x400

.isr_vector     0x0000000008000000      0x1b0
                0x0000000008000000                . = ALIGN (0x8)
 *(.isr_vector)
 .isr_vector    0x0000000008000000      0x1ac build/startup_stm32l496xx.o
                0x0000000008000000                g_pfnVectors
                0x00000000080001b0                . = ALIGN (0x8)
 *fill*         0x00000000080001ac        0x4 

.text           0x00000000080001b0     0x4920
                0x00000000080001b0                . = ALIGN (0x8)
 *(.text)
 .text          0x00000000080001b0       0x30 /home/daniels/.config/Code/User/globalStorage/bmd.stm32-for-vscode/@xpack-dev-tools/arm-none-eabi-gcc/12.2.1-1.2.1/.content/bin/../lib/gcc/arm-none-eabi/12.2.1/thumb/v7e-m+fp/hard/libgcc.a(_aeabi_uldivmod.o)
                0x00000000080001b0                __aeabi_uldivmod
 .text          0x00000000080001e0        0x4 /home/daniels/.config/Code/User/globalStorage/bmd.stm32-for-vscode/@xpack-dev-tools/arm-none-eabi-gcc/12.2.1-1.2.1/.content/bin/../lib/gcc/arm-none-eabi/12.2.1/thumb/v7e-m+fp/hard/libgcc.a(_dvmd_tls.o)
                0x00000000080001e0                __aeabi_ldiv0
                0x00000000080001e0                __aeabi_idiv0
 *(.text*)
 .text.__do_global_dtors_aux
                0x00000000080001e4       0x24 /home/daniels/.config/Code/User/globalStorage/bmd.stm32-for-vscode/@xpack-dev-tools/arm-none-eabi-gcc/12.2.1-1.2.1/.content/bin/../lib/gcc/arm-none-eabi/12.2.1/thumb/v7e-m+fp/hard/crtbegin.o
 .text.frame_dummy
                0x0000000008000208       0x1c /home/daniels/.config/Code/User/globalStorage/bmd.stm32-for-vscode/@xpack-dev-tools/arm-none-eabi-gcc/12.2.1-1.2.1/.content/bin/../lib/gcc/arm-none-eabi/12.2.1/thumb/v7e-m+fp/hard/crtbegin.o
 .text.MX_GPIO_Init
                0x0000000008000224       0xec build/main.o
 .text.StartDefaultTask
                0x0000000008000310        0xa build/main.o
                0x0000000008000310                StartDefaultTask
 .text.StartBlink02
                0x000000000800031a        0xc build/main.o
                0x000000000800031a                StartBlink02
 *fill*         0x0000000008000326        0x2 
 .text.StartBlink01
                0x0000000008000328       0x2c build/main.o
                0x0000000008000328                StartBlink01
 .text.HAL_TIM_PeriodElapsedCallback
                0x0000000008000354       0x18 build/main.o
                0x0000000008000354                HAL_TIM_PeriodElapsedCallback
 .text.Error_Handler
                0x000000000800036c        0x4 build/main.o
                0x000000000800036c                Error_Handler
 .text.MX_LPUART1_UART_Init
                0x0000000008000370       0x3c build/main.o
 .text.MX_USB_OTG_FS_PCD_Init
                0x00000000080003ac       0x34 build/main.o
 .text.SystemClock_Config
                0x00000000080003e0       0xa0 build/main.o
                0x00000000080003e0                SystemClock_Config
 .text.main     0x0000000008000480       0x7c build/main.o
                0x0000000008000480                main
 .text.HAL_MspInit
                0x00000000080004fc       0x40 build/stm32l4xx_hal_msp.o
                0x00000000080004fc                HAL_MspInit
 .text.HAL_UART_MspInit
                0x000000000800053c       0x90 build/stm32l4xx_hal_msp.o
                0x000000000800053c                HAL_UART_MspInit
 .text.HAL_PCD_MspInit
                0x00000000080005cc       0xe8 build/stm32l4xx_hal_msp.o
                0x00000000080005cc                HAL_PCD_MspInit
 .text.HAL_InitTick
                0x00000000080006b4       0xa0 build/stm32l4xx_hal_timebase_tim.o
                0x00000000080006b4                HAL_InitTick
 .text.NMI_Handler
                0x0000000008000754        0x2 build/stm32l4xx_it.o
                0x0000000008000754                NMI_Handler
 .text.HardFault_Handler
                0x0000000008000756        0x2 build/stm32l4xx_it.o
                0x0000000008000756                HardFault_Handler
 .text.MemManage_Handler
                0x0000000008000758        0x2 build/stm32l4xx_it.o
                0x0000000008000758                MemManage_Handler
 .text.BusFault_Handler
                0x000000000800075a        0x2 build/stm32l4xx_it.o
                0x000000000800075a                BusFault_Handler
 .text.UsageFault_Handler
                0x000000000800075c        0x2 build/stm32l4xx_it.o
                0x000000000800075c                UsageFault_Handler
 .text.DebugMon_Handler
                0x000000000800075e        0x2 build/stm32l4xx_it.o
                0x000000000800075e                DebugMon_Handler
 .text.TIM6_DAC_IRQHandler
                0x0000000008000760       0x10 build/stm32l4xx_it.o
                0x0000000008000760                TIM6_DAC_IRQHandler
 .text.SystemInit
                0x0000000008000770       0x14 build/system_stm32l4xx.o
                0x0000000008000770                SystemInit
 .text.m281_init
                0x0000000008000784       0x36 build/m281_relay.o
                0x0000000008000784                m281_init
 .text.m281_enable
                0x00000000080007ba       0x1a build/m281_relay.o
                0x00000000080007ba                m281_enable
 .text.m281_disable
                0x00000000080007d4       0x1a build/m281_relay.o
                0x00000000080007d4                m281_disable
 .text.HAL_Init
                0x00000000080007ee       0x1e build/stm32l4xx_hal.o
                0x00000000080007ee                HAL_Init
 .text.HAL_IncTick
                0x000000000800080c       0x18 build/stm32l4xx_hal.o
                0x000000000800080c                HAL_IncTick
 .text.HAL_GetTick
                0x0000000008000824        0xc build/stm32l4xx_hal.o
                0x0000000008000824                HAL_GetTick
 .text.HAL_Delay
                0x0000000008000830       0x28 build/stm32l4xx_hal.o
                0x0000000008000830                HAL_Delay
 .text.__NVIC_EnableIRQ
                0x0000000008000858       0x1c build/stm32l4xx_hal_cortex.o
 .text.__NVIC_SetPriority
                0x0000000008000874       0x28 build/stm32l4xx_hal_cortex.o
 .text.NVIC_EncodePriority
                0x000000000800089c       0x3e build/stm32l4xx_hal_cortex.o
 *fill*         0x00000000080008da        0x2 
 .text.HAL_NVIC_SetPriorityGrouping
                0x00000000080008dc       0x24 build/stm32l4xx_hal_cortex.o
                0x00000000080008dc                HAL_NVIC_SetPriorityGrouping
 .text.HAL_NVIC_SetPriority
                0x0000000008000900       0x20 build/stm32l4xx_hal_cortex.o
                0x0000000008000900                HAL_NVIC_SetPriority
 .text.HAL_NVIC_EnableIRQ
                0x0000000008000920        0x8 build/stm32l4xx_hal_cortex.o
                0x0000000008000920                HAL_NVIC_EnableIRQ
 .text.HAL_GPIO_Init
                0x0000000008000928      0x1f0 build/stm32l4xx_hal_gpio.o
                0x0000000008000928                HAL_GPIO_Init
 .text.HAL_GPIO_WritePin
                0x0000000008000b18        0xa build/stm32l4xx_hal_gpio.o
                0x0000000008000b18                HAL_GPIO_WritePin
 .text.HAL_PCD_Init
                0x0000000008000b22      0x13c build/stm32l4xx_hal_pcd.o
                0x0000000008000b22                HAL_PCD_Init
 .text.HAL_PCDEx_ActivateLPM
                0x0000000008000c5e       0x26 build/stm32l4xx_hal_pcd_ex.o
                0x0000000008000c5e                HAL_PCDEx_ActivateLPM
 .text.HAL_PWR_EnableBkUpAccess
                0x0000000008000c84       0x10 build/stm32l4xx_hal_pwr.o
                0x0000000008000c84                HAL_PWR_EnableBkUpAccess
 .text.HAL_PWREx_GetVoltageRange
                0x0000000008000c94       0x10 build/stm32l4xx_hal_pwr_ex.o
                0x0000000008000c94                HAL_PWREx_GetVoltageRange
 .text.HAL_PWREx_ControlVoltageScaling
                0x0000000008000ca4       0x90 build/stm32l4xx_hal_pwr_ex.o
                0x0000000008000ca4                HAL_PWREx_ControlVoltageScaling
 .text.HAL_PWREx_EnableVddUSB
                0x0000000008000d34       0x10 build/stm32l4xx_hal_pwr_ex.o
                0x0000000008000d34                HAL_PWREx_EnableVddUSB
 .text.HAL_PWREx_EnableVddIO2
                0x0000000008000d44       0x10 build/stm32l4xx_hal_pwr_ex.o
                0x0000000008000d44                HAL_PWREx_EnableVddIO2
 .text.RCC_SetFlashLatencyFromMSIRange
                0x0000000008000d54       0x90 build/stm32l4xx_hal_rcc.o
 .text.HAL_RCC_GetSysClockFreq
                0x0000000008000de4       0xb4 build/stm32l4xx_hal_rcc.o
                0x0000000008000de4                HAL_RCC_GetSysClockFreq
 .text.HAL_RCC_OscConfig
                0x0000000008000e98      0x67c build/stm32l4xx_hal_rcc.o
                0x0000000008000e98                HAL_RCC_OscConfig
 .text.HAL_RCC_ClockConfig
                0x0000000008001514      0x188 build/stm32l4xx_hal_rcc.o
                0x0000000008001514                HAL_RCC_ClockConfig
 .text.HAL_RCC_GetHCLKFreq
                0x000000000800169c        0xc build/stm32l4xx_hal_rcc.o
                0x000000000800169c                HAL_RCC_GetHCLKFreq
 .text.HAL_RCC_GetPCLK1Freq
                0x00000000080016a8       0x24 build/stm32l4xx_hal_rcc.o
                0x00000000080016a8                HAL_RCC_GetPCLK1Freq
 .text.HAL_RCC_GetPCLK2Freq
                0x00000000080016cc       0x24 build/stm32l4xx_hal_rcc.o
                0x00000000080016cc                HAL_RCC_GetPCLK2Freq
 .text.HAL_RCC_GetClockConfig
                0x00000000080016f0       0x3c build/stm32l4xx_hal_rcc.o
                0x00000000080016f0                HAL_RCC_GetClockConfig
 .text.RCCEx_PLLSAI1_Config
                0x000000000800172c      0x16c build/stm32l4xx_hal_rcc_ex.o
 .text.RCCEx_PLLSAI2_Config
                0x0000000008001898      0x148 build/stm32l4xx_hal_rcc_ex.o
 .text.HAL_RCCEx_PeriphCLKConfig
                0x00000000080019e0      0x470 build/stm32l4xx_hal_rcc_ex.o
                0x00000000080019e0                HAL_RCCEx_PeriphCLKConfig
 .text.HAL_RCCEx_EnableMSIPLLMode
                0x0000000008001e50       0x10 build/stm32l4xx_hal_rcc_ex.o
                0x0000000008001e50                HAL_RCCEx_EnableMSIPLLMode
 .text.HAL_TIM_Base_MspInit
                0x0000000008001e60        0x2 build/stm32l4xx_hal_tim.o
                0x0000000008001e60                HAL_TIM_Base_MspInit
 *fill*         0x0000000008001e62        0x2 
 .text.HAL_TIM_Base_Start_IT
                0x0000000008001e64       0x8c build/stm32l4xx_hal_tim.o
                0x0000000008001e64                HAL_TIM_Base_Start_IT
 .text.HAL_TIM_OC_DelayElapsedCallback
                0x0000000008001ef0        0x2 build/stm32l4xx_hal_tim.o
                0x0000000008001ef0                HAL_TIM_OC_DelayElapsedCallback
 .text.HAL_TIM_IC_CaptureCallback
                0x0000000008001ef2        0x2 build/stm32l4xx_hal_tim.o
                0x0000000008001ef2                HAL_TIM_IC_CaptureCallback
 .text.HAL_TIM_PWM_PulseFinishedCallback
                0x0000000008001ef4        0x2 build/stm32l4xx_hal_tim.o
                0x0000000008001ef4                HAL_TIM_PWM_PulseFinishedCallback
 .text.HAL_TIM_TriggerCallback
                0x0000000008001ef6        0x2 build/stm32l4xx_hal_tim.o
                0x0000000008001ef6                HAL_TIM_TriggerCallback
 .text.HAL_TIM_IRQHandler
                0x0000000008001ef8      0x19a build/stm32l4xx_hal_tim.o
                0x0000000008001ef8                HAL_TIM_IRQHandler
 *fill*         0x0000000008002092        0x2 
 .text.TIM_Base_SetConfig
                0x0000000008002094       0xc8 build/stm32l4xx_hal_tim.o
                0x0000000008002094                TIM_Base_SetConfig
 .text.HAL_TIM_Base_Init
                0x000000000800215c       0x60 build/stm32l4xx_hal_tim.o
                0x000000000800215c                HAL_TIM_Base_Init
 .text.HAL_TIMEx_CommutCallback
                0x00000000080021bc        0x2 build/stm32l4xx_hal_tim_ex.o
                0x00000000080021bc                HAL_TIMEx_CommutCallback
 .text.HAL_TIMEx_BreakCallback
                0x00000000080021be        0x2 build/stm32l4xx_hal_tim_ex.o
                0x00000000080021be                HAL_TIMEx_BreakCallback
 .text.HAL_TIMEx_Break2Callback
                0x00000000080021c0        0x2 build/stm32l4xx_hal_tim_ex.o
                0x00000000080021c0                HAL_TIMEx_Break2Callback
 *fill*         0x00000000080021c2        0x2 
 .text.UART_SetConfig
                0x00000000080021c4      0x328 build/stm32l4xx_hal_uart.o
                0x00000000080021c4                UART_SetConfig
 .text.UART_AdvFeatureConfig
                0x00000000080024ec       0xca build/stm32l4xx_hal_uart.o
                0x00000000080024ec                UART_AdvFeatureConfig
 .text.UART_WaitOnFlagUntilTimeout
                0x00000000080025b6       0xd0 build/stm32l4xx_hal_uart.o
                0x00000000080025b6                UART_WaitOnFlagUntilTimeout
 .text.UART_CheckIdleState
                0x0000000008002686       0x70 build/stm32l4xx_hal_uart.o
                0x0000000008002686                UART_CheckIdleState
 .text.HAL_UART_Init
                0x00000000080026f6       0x62 build/stm32l4xx_hal_uart.o
                0x00000000080026f6                HAL_UART_Init
 .text.USB_CoreReset
                0x0000000008002758       0x50 build/stm32l4xx_ll_usb.o
 .text.USB_CoreInit
                0x00000000080027a8       0x38 build/stm32l4xx_ll_usb.o
                0x00000000080027a8                USB_CoreInit
 .text.USB_DisableGlobalInt
                0x00000000080027e0        0xc build/stm32l4xx_ll_usb.o
                0x00000000080027e0                USB_DisableGlobalInt
 .text.USB_FlushTxFifo
                0x00000000080027ec       0x50 build/stm32l4xx_ll_usb.o
                0x00000000080027ec                USB_FlushTxFifo
 .text.USB_FlushRxFifo
                0x000000000800283c       0x4c build/stm32l4xx_ll_usb.o
                0x000000000800283c                USB_FlushRxFifo
 .text.USB_SetDevSpeed
                0x0000000008002888        0xe build/stm32l4xx_ll_usb.o
                0x0000000008002888                USB_SetDevSpeed
 *fill*         0x0000000008002896        0x2 
 .text.USB_DevInit
                0x0000000008002898      0x164 build/stm32l4xx_ll_usb.o
                0x0000000008002898                USB_DevInit
 .text.USB_DevDisconnect
                0x00000000080029fc       0x1c build/stm32l4xx_ll_usb.o
                0x00000000080029fc                USB_DevDisconnect
 .text.USB_GetMode
                0x0000000008002a18        0x8 build/stm32l4xx_ll_usb.o
                0x0000000008002a18                USB_GetMode
 .text.USB_SetCurrentMode
                0x0000000008002a20       0x62 build/stm32l4xx_ll_usb.o
                0x0000000008002a20                USB_SetCurrentMode
 .text.SysTick_Handler
                0x0000000008002a82       0x18 build/cmsis_os2.o
                0x0000000008002a82                SysTick_Handler
 *fill*         0x0000000008002a9a        0x2 
 .text.osKernelInitialize
                0x0000000008002a9c       0x24 build/cmsis_os2.o
                0x0000000008002a9c                osKernelInitialize
 .text.osKernelStart
                0x0000000008002ac0       0x38 build/cmsis_os2.o
                0x0000000008002ac0                osKernelStart
 .text.osThreadNew
                0x0000000008002af8       0xbc build/cmsis_os2.o
                0x0000000008002af8                osThreadNew
 .text.osDelay  0x0000000008002bb4       0x1c build/cmsis_os2.o
                0x0000000008002bb4                osDelay
 .text.vApplicationGetIdleTaskMemory
                0x0000000008002bd0       0x18 build/cmsis_os2.o
                0x0000000008002bd0                vApplicationGetIdleTaskMemory
 .text.vApplicationGetTimerTaskMemory
                0x0000000008002be8       0x18 build/cmsis_os2.o
                0x0000000008002be8                vApplicationGetTimerTaskMemory
 .text.vListInitialise
                0x0000000008002c00       0x16 build/list.o
                0x0000000008002c00                vListInitialise
 .text.vListInitialiseItem
                0x0000000008002c16        0x6 build/list.o
                0x0000000008002c16                vListInitialiseItem
 .text.vListInsertEnd
                0x0000000008002c1c       0x16 build/list.o
                0x0000000008002c1c                vListInsertEnd
 .text.vListInsert
                0x0000000008002c32       0x32 build/list.o
                0x0000000008002c32                vListInsert
 .text.uxListRemove
                0x0000000008002c64       0x26 build/list.o
                0x0000000008002c64                uxListRemove
 *fill*         0x0000000008002c8a        0x2 
 .text.prvTaskExitError
                0x0000000008002c8c       0x40 build/port.o
 .text.prvPortStartFirstTask
                0x0000000008002ccc       0x28 build/port.o
 .text.vPortEnableVFP
                0x0000000008002cf4       0x14 build/port.o
 .text.pxPortInitialiseStack
                0x0000000008002d08       0x2c build/port.o
                0x0000000008002d08                pxPortInitialiseStack
 *fill*         0x0000000008002d34        0xc 
 .text.SVC_Handler
                0x0000000008002d40       0x24 build/port.o
                0x0000000008002d40                SVC_Handler
 .text.vPortEnterCritical
                0x0000000008002d64       0x44 build/port.o
                0x0000000008002d64                vPortEnterCritical
 .text.vPortExitCritical
                0x0000000008002da8       0x2c build/port.o
                0x0000000008002da8                vPortExitCritical
 *fill*         0x0000000008002dd4        0xc 
 .text.PendSV_Handler
                0x0000000008002de0       0x64 build/port.o
                0x0000000008002de0                PendSV_Handler
 .text.xPortSysTickHandler
                0x0000000008002e44       0x2c build/port.o
                0x0000000008002e44                xPortSysTickHandler
 .text.vPortSetupTimerInterrupt
                0x0000000008002e70       0x28 build/port.o
                0x0000000008002e70                vPortSetupTimerInterrupt
 .text.xPortStartScheduler
                0x0000000008002e98      0x118 build/port.o
                0x0000000008002e98                xPortStartScheduler
 .text.vPortValidateInterruptPriority
                0x0000000008002fb0       0x5c build/port.o
                0x0000000008002fb0                vPortValidateInterruptPriority
 .text.prvHeapInit
                0x000000000800300c       0x68 build/heap_4.o
 .text.prvInsertBlockIntoFreeList
                0x0000000008003074       0x64 build/heap_4.o
 .text.pvPortMalloc
                0x00000000080030d8      0x104 build/heap_4.o
                0x00000000080030d8                pvPortMalloc
 .text.vPortFree
                0x00000000080031dc       0x7c build/heap_4.o
                0x00000000080031dc                vPortFree
 .text.prvIsQueueFull
                0x0000000008003258       0x1e build/queue.o
 .text.prvIsQueueEmpty
                0x0000000008003276       0x1a build/queue.o
 .text.prvCopyDataToQueue
                0x0000000008003290       0x76 build/queue.o
 .text.prvCopyDataFromQueue
                0x0000000008003306       0x24 build/queue.o
 .text.prvUnlockQueue
                0x000000000800332a       0x6e build/queue.o
 .text.xQueueGenericReset
                0x0000000008003398       0x84 build/queue.o
                0x0000000008003398                xQueueGenericReset
 .text.prvInitialiseNewQueue
                0x000000000800341c       0x22 build/queue.o
 .text.xQueueGenericCreateStatic
                0x000000000800343e       0x94 build/queue.o
                0x000000000800343e                xQueueGenericCreateStatic
 .text.xQueueGenericSend
                0x00000000080034d2      0x188 build/queue.o
                0x00000000080034d2                xQueueGenericSend
 .text.xQueueGenericSendFromISR
                0x000000000800365a       0xce build/queue.o
                0x000000000800365a                xQueueGenericSendFromISR
 .text.xQueueReceive
                0x0000000008003728      0x15e build/queue.o
                0x0000000008003728                xQueueReceive
 *fill*         0x0000000008003886        0x2 
 .text.vQueueAddToRegistry
                0x0000000008003888       0x28 build/queue.o
                0x0000000008003888                vQueueAddToRegistry
 .text.vQueueWaitForMessageRestricted
                0x00000000080038b0       0x52 build/queue.o
                0x00000000080038b0                vQueueWaitForMessageRestricted
 *fill*         0x0000000008003902        0x2 
 .text.prvResetNextTaskUnblockTime
                0x0000000008003904       0x2c build/tasks.o
 .text.prvInitialiseNewTask
                0x0000000008003930       0xa2 build/tasks.o
 *fill*         0x00000000080039d2        0x2 
 .text.prvInitialiseTaskLists
                0x00000000080039d4       0x68 build/tasks.o
 .text.prvAddNewTaskToReadyList
                0x0000000008003a3c       0xac build/tasks.o
 .text.prvDeleteTCB
                0x0000000008003ae8       0x38 build/tasks.o
 .text.prvCheckTasksWaitingTermination
                0x0000000008003b20       0x4c build/tasks.o
 .text.prvIdleTask
                0x0000000008003b6c       0x28 build/tasks.o
 .text.prvAddCurrentTaskToDelayedList
                0x0000000008003b94       0x7c build/tasks.o
 .text.xTaskCreateStatic
                0x0000000008003c10       0x76 build/tasks.o
                0x0000000008003c10                xTaskCreateStatic
 .text.xTaskCreate
                0x0000000008003c86       0x64 build/tasks.o
                0x0000000008003c86                xTaskCreate
 *fill*         0x0000000008003cea        0x2 
 .text.vTaskStartScheduler
                0x0000000008003cec       0x98 build/tasks.o
                0x0000000008003cec                vTaskStartScheduler
 .text.vTaskSuspendAll
                0x0000000008003d84       0x10 build/tasks.o
                0x0000000008003d84                vTaskSuspendAll
 .text.xTaskGetTickCount
                0x0000000008003d94        0xc build/tasks.o
                0x0000000008003d94                xTaskGetTickCount
 .text.xTaskIncrementTick
                0x0000000008003da0      0x118 build/tasks.o
                0x0000000008003da0                xTaskIncrementTick
 .text.xTaskResumeAll
                0x0000000008003eb8       0xf8 build/tasks.o
                0x0000000008003eb8                xTaskResumeAll
 .text.vTaskDelay
                0x0000000008003fb0       0x4c build/tasks.o
                0x0000000008003fb0                vTaskDelay
 .text.vTaskSwitchContext
                0x0000000008003ffc       0x98 build/tasks.o
                0x0000000008003ffc                vTaskSwitchContext
 .text.vTaskPlaceOnEventList
                0x0000000008004094       0x30 build/tasks.o
                0x0000000008004094                vTaskPlaceOnEventList
 .text.vTaskPlaceOnEventListRestricted
                0x00000000080040c4       0x38 build/tasks.o
                0x00000000080040c4                vTaskPlaceOnEventListRestricted
 .text.xTaskRemoveFromEventList
                0x00000000080040fc       0x8c build/tasks.o
                0x00000000080040fc                xTaskRemoveFromEventList
 .text.vTaskInternalSetTimeOutState
                0x0000000008004188       0x18 build/tasks.o
                0x0000000008004188                vTaskInternalSetTimeOutState
 .text.xTaskCheckForTimeOut
                0x00000000080041a0       0x84 build/tasks.o
                0x00000000080041a0                xTaskCheckForTimeOut
 .text.vTaskMissedYield
                0x0000000008004224        0xc build/tasks.o
                0x0000000008004224                vTaskMissedYield
 .text.xTaskGetSchedulerState
                0x0000000008004230       0x20 build/tasks.o
                0x0000000008004230                xTaskGetSchedulerState
 .text.xTaskPriorityDisinherit
                0x0000000008004250       0x90 build/tasks.o
                0x0000000008004250                xTaskPriorityDisinherit
 .text.prvGetNextExpireTime
                0x00000000080042e0       0x20 build/timers.o
 .text.prvInsertTimerInActiveList
                0x0000000008004300       0x48 build/timers.o
 .text.prvCheckForValidListAndQueue
                0x0000000008004348       0x70 build/timers.o
 .text.xTimerCreateTimerTask
                0x00000000080043b8       0x64 build/timers.o
                0x00000000080043b8                xTimerCreateTimerTask
 .text.xTimerGenericCommand
                0x000000000800441c       0x6c build/timers.o
                0x000000000800441c                xTimerGenericCommand
 .text.prvSwitchTimerLists
                0x0000000008004488       0x7c build/timers.o
 .text.prvSampleTimeNow
                0x0000000008004504       0x2c build/timers.o
 .text.prvProcessExpiredTimer
                0x0000000008004530       0x6c build/timers.o
 .text.prvProcessTimerOrBlockTask
                0x000000000800459c       0x74 build/timers.o
 .text.prvProcessReceivedCommands
                0x0000000008004610      0x10c build/timers.o
 .text.prvTimerTask
                0x000000000800471c       0x16 build/timers.o
 *fill*         0x0000000008004732        0x2 
 .text.Reset_Handler
                0x0000000008004734       0x50 build/startup_stm32l496xx.o
                0x0000000008004734                Reset_Handler
 .text.Default_Handler
                0x0000000008004784        0x2 build/startup_stm32l496xx.o
                0x0000000008004784                RTC_Alarm_IRQHandler
                0x0000000008004784                EXTI2_IRQHandler
                0x0000000008004784                TIM8_TRG_COM_IRQHandler
                0x0000000008004784                TIM8_CC_IRQHandler
                0x0000000008004784                TIM1_CC_IRQHandler
                0x0000000008004784                TSC_IRQHandler
                0x0000000008004784                TAMP_STAMP_IRQHandler
                0x0000000008004784                CAN2_RX1_IRQHandler
                0x0000000008004784                EXTI3_IRQHandler
                0x0000000008004784                LPTIM2_IRQHandler
                0x0000000008004784                DFSDM1_FLT1_IRQHandler
                0x0000000008004784                I2C3_ER_IRQHandler
                0x0000000008004784                DFSDM1_FLT2_IRQHandler
                0x0000000008004784                EXTI0_IRQHandler
                0x0000000008004784                I2C2_EV_IRQHandler
                0x0000000008004784                CAN1_RX0_IRQHandler
                0x0000000008004784                FPU_IRQHandler
                0x0000000008004784                TIM1_UP_TIM16_IRQHandler
                0x0000000008004784                CAN2_SCE_IRQHandler
                0x0000000008004784                ADC1_2_IRQHandler
                0x0000000008004784                SPI1_IRQHandler
                0x0000000008004784                DCMI_IRQHandler
                0x0000000008004784                CAN2_RX0_IRQHandler
                0x0000000008004784                TIM8_UP_IRQHandler
                0x0000000008004784                DMA2_Channel2_IRQHandler
                0x0000000008004784                DMA1_Channel4_IRQHandler
                0x0000000008004784                SAI2_IRQHandler
                0x0000000008004784                DFSDM1_FLT3_IRQHandler
                0x0000000008004784                USART3_IRQHandler
                0x0000000008004784                DMA1_Channel7_IRQHandler
                0x0000000008004784                CAN1_RX1_IRQHandler
                0x0000000008004784                LCD_IRQHandler
                0x0000000008004784                UART5_IRQHandler
                0x0000000008004784                ADC3_IRQHandler
                0x0000000008004784                TIM4_IRQHandler
                0x0000000008004784                DMA2_Channel1_IRQHandler
                0x0000000008004784                QUADSPI_IRQHandler
                0x0000000008004784                I2C1_EV_IRQHandler
                0x0000000008004784                DMA1_Channel6_IRQHandler
                0x0000000008004784                UART4_IRQHandler
                0x0000000008004784                DMA2_Channel4_IRQHandler
                0x0000000008004784                TIM3_IRQHandler
                0x0000000008004784                RCC_IRQHandler
                0x0000000008004784                DMA1_Channel1_IRQHandler
                0x0000000008004784                Default_Handler
                0x0000000008004784                DMA2_Channel7_IRQHandler
                0x0000000008004784                EXTI15_10_IRQHandler
                0x0000000008004784                TIM7_IRQHandler
                0x0000000008004784                SDMMC1_IRQHandler
                0x0000000008004784                CAN2_TX_IRQHandler
                0x0000000008004784                TIM5_IRQHandler
                0x0000000008004784                I2C3_EV_IRQHandler
                0x0000000008004784                EXTI9_5_IRQHandler
                0x0000000008004784                RTC_WKUP_IRQHandler
                0x0000000008004784                PVD_PVM_IRQHandler
                0x0000000008004784                SPI2_IRQHandler
                0x0000000008004784                CAN1_TX_IRQHandler
                0x0000000008004784                DMA2_Channel5_IRQHandler
                0x0000000008004784                CRS_IRQHandler
                0x0000000008004784                DMA1_Channel5_IRQHandler
                0x0000000008004784                EXTI4_IRQHandler
                0x0000000008004784                RNG_IRQHandler
                0x0000000008004784                TIM1_TRG_COM_TIM17_IRQHandler
                0x0000000008004784                DMA1_Channel3_IRQHandler
                0x0000000008004784                COMP_IRQHandler
                0x0000000008004784                WWDG_IRQHandler
                0x0000000008004784                I2C4_EV_IRQHandler
                0x0000000008004784                LPUART1_IRQHandler
                0x0000000008004784                DMA2_Channel6_IRQHandler
                0x0000000008004784                TIM2_IRQHandler
                0x0000000008004784                EXTI1_IRQHandler
                0x0000000008004784                USART2_IRQHandler
                0x0000000008004784                DFSDM1_FLT0_IRQHandler
                0x0000000008004784                I2C2_ER_IRQHandler
                0x0000000008004784                DMA1_Channel2_IRQHandler
                0x0000000008004784                TIM8_BRK_IRQHandler
                0x0000000008004784                CAN1_SCE_IRQHandler
                0x0000000008004784                FLASH_IRQHandler
                0x0000000008004784                USART1_IRQHandler
                0x0000000008004784                OTG_FS_IRQHandler
                0x0000000008004784                SPI3_IRQHandler
                0x0000000008004784                I2C1_ER_IRQHandler
                0x0000000008004784                FMC_IRQHandler
                0x0000000008004784                SWPMI1_IRQHandler
                0x0000000008004784                LPTIM1_IRQHandler
                0x0000000008004784                I2C4_ER_IRQHandler
                0x0000000008004784                SAI1_IRQHandler
                0x0000000008004784                DMA2_Channel3_IRQHandler
                0x0000000008004784                TIM1_BRK_TIM15_IRQHandler
 .text.memset   0x0000000008004786       0x10 /home/daniels/.config/Code/User/globalStorage/bmd.stm32-for-vscode/@xpack-dev-tools/arm-none-eabi-gcc/12.2.1-1.2.1/.content/bin/../lib/gcc/arm-none-eabi/12.2.1/../../../../arm-none-eabi/lib/thumb/v7e-m+fp/hard/libc_nano.a(libc_a-memset.o)
                0x0000000008004786                memset
 *fill*         0x0000000008004796        0x2 
 .text.__libc_init_array
                0x0000000008004798       0x48 /home/daniels/.config/Code/User/globalStorage/bmd.stm32-for-vscode/@xpack-dev-tools/arm-none-eabi-gcc/12.2.1-1.2.1/.content/bin/../lib/gcc/arm-none-eabi/12.2.1/../../../../arm-none-eabi/lib/thumb/v7e-m+fp/hard/libc_nano.a(libc_a-init.o)
                0x0000000008004798                __libc_init_array
 .text.memcpy   0x00000000080047e0       0x1c /home/daniels/.config/Code/User/globalStorage/bmd.stm32-for-vscode/@xpack-dev-tools/arm-none-eabi-gcc/12.2.1-1.2.1/.content/bin/../lib/gcc/arm-none-eabi/12.2.1/../../../../arm-none-eabi/lib/thumb/v7e-m+fp/hard/libc_nano.a(libc_a-memcpy-stub.o)
                0x00000000080047e0                memcpy
 .text.__udivmoddi4
                0x00000000080047fc      0x2bc /home/daniels/.config/Code/User/globalStorage/bmd.stm32-for-vscode/@xpack-dev-tools/arm-none-eabi-gcc/12.2.1-1.2.1/.content/bin/../lib/gcc/arm-none-eabi/12.2.1/thumb/v7e-m+fp/hard/libgcc.a(_udivmoddi4.o)
                0x00000000080047fc                __udivmoddi4
 *(.glue_7)
 .glue_7        0x0000000008004ab8        0x0 linker stubs
 *(.glue_7t)
 .glue_7t       0x0000000008004ab8        0x0 linker stubs
 *(.eh_frame)
 .eh_frame      0x0000000008004ab8        0x0 /home/daniels/.config/Code/User/globalStorage/bmd.stm32-for-vscode/@xpack-dev-tools/arm-none-eabi-gcc/12.2.1-1.2.1/.content/bin/../lib/gcc/arm-none-eabi/12.2.1/thumb/v7e-m+fp/hard/crtbegin.o
 *(.init)
 .init          0x0000000008004ab8        0x4 /home/daniels/.config/Code/User/globalStorage/bmd.stm32-for-vscode/@xpack-dev-tools/arm-none-eabi-gcc/12.2.1-1.2.1/.content/bin/../lib/gcc/arm-none-eabi/12.2.1/thumb/v7e-m+fp/hard/crti.o
                0x0000000008004ab8                _init
 .init          0x0000000008004abc        0x8 /home/daniels/.config/Code/User/globalStorage/bmd.stm32-for-vscode/@xpack-dev-tools/arm-none-eabi-gcc/12.2.1-1.2.1/.content/bin/../lib/gcc/arm-none-eabi/12.2.1/thumb/v7e-m+fp/hard/crtn.o
 *(.fini)
 .fini          0x0000000008004ac4        0x4 /home/daniels/.config/Code/User/globalStorage/bmd.stm32-for-vscode/@xpack-dev-tools/arm-none-eabi-gcc/12.2.1-1.2.1/.content/bin/../lib/gcc/arm-none-eabi/12.2.1/thumb/v7e-m+fp/hard/crti.o
                0x0000000008004ac4                _fini
 .fini          0x0000000008004ac8        0x8 /home/daniels/.config/Code/User/globalStorage/bmd.stm32-for-vscode/@xpack-dev-tools/arm-none-eabi-gcc/12.2.1-1.2.1/.content/bin/../lib/gcc/arm-none-eabi/12.2.1/thumb/v7e-m+fp/hard/crtn.o
                0x0000000008004ad0                . = ALIGN (0x8)
                0x0000000008004ad0                _etext = .

.vfp11_veneer   0x0000000008004ad0        0x0
 .vfp11_veneer  0x0000000008004ad0        0x0 linker stubs

.v4_bx          0x0000000008004ad0        0x0
 .v4_bx         0x0000000008004ad0        0x0 linker stubs

.iplt           0x0000000008004ad0        0x0
 .iplt          0x0000000008004ad0        0x0 /home/daniels/.config/Code/User/globalStorage/bmd.stm32-for-vscode/@xpack-dev-tools/arm-none-eabi-gcc/12.2.1-1.2.1/.content/bin/../lib/gcc/arm-none-eabi/12.2.1/thumb/v7e-m+fp/hard/crtbegin.o

.rodata         0x0000000008004ad0       0xf0
                0x0000000008004ad0                . = ALIGN (0x8)
 *(.rodata)
 *(.rodata*)
 .rodata.red_led
                0x0000000008004ad0        0x8 build/main.o
                0x0000000008004ad0                red_led
 .rodata.str1.4
                0x0000000008004ad8       0x1c build/main.o
 .rodata.blink02_attributes
                0x0000000008004af4       0x24 build/main.o
                0x0000000008004af4                blink02_attributes
 .rodata.blink01_attributes
                0x0000000008004b18       0x24 build/main.o
                0x0000000008004b18                blink01_attributes
 .rodata.defaultTask_attributes
                0x0000000008004b3c       0x24 build/main.o
                0x0000000008004b3c                defaultTask_attributes
 .rodata.MSIRangeTable
                0x0000000008004b60       0x30 build/system_stm32l4xx.o
                0x0000000008004b60                MSIRangeTable
 .rodata.APBPrescTable
                0x0000000008004b90        0x8 build/system_stm32l4xx.o
                0x0000000008004b90                APBPrescTable
 .rodata.AHBPrescTable
                0x0000000008004b98       0x10 build/system_stm32l4xx.o
                0x0000000008004b98                AHBPrescTable
 .rodata.vTaskStartScheduler.str1.4
                0x0000000008004ba8        0x5 build/tasks.o
 *fill*         0x0000000008004bad        0x3 
 .rodata.prvCheckForValidListAndQueue.str1.4
                0x0000000008004bb0        0x5 build/timers.o
 *fill*         0x0000000008004bb5        0x3 
 .rodata.xTimerCreateTimerTask.str1.4
                0x0000000008004bb8        0x8 build/timers.o
                0x0000000008004bc0                . = ALIGN (0x8)

.ARM.extab      0x0000000008004bc0        0x0
                0x0000000008004bc0                . = ALIGN (0x8)
 *(.ARM.extab* .gnu.linkonce.armextab.*)
                0x0000000008004bc0                . = ALIGN (0x8)

.ARM            0x0000000008004bc0        0x8
                0x0000000008004bc0                . = ALIGN (0x8)
                0x0000000008004bc0                __exidx_start = .
 *(.ARM.exidx*)
 .ARM.exidx.text.__udivmoddi4
                0x0000000008004bc0        0x8 /home/daniels/.config/Code/User/globalStorage/bmd.stm32-for-vscode/@xpack-dev-tools/arm-none-eabi-gcc/12.2.1-1.2.1/.content/bin/../lib/gcc/arm-none-eabi/12.2.1/thumb/v7e-m+fp/hard/libgcc.a(_udivmoddi4.o)
                0x0000000008004bc8                __exidx_end = .
                0x0000000008004bc8                . = ALIGN (0x8)

.rel.dyn        0x0000000008004bc8        0x0
 .rel.iplt      0x0000000008004bc8        0x0 /home/daniels/.config/Code/User/globalStorage/bmd.stm32-for-vscode/@xpack-dev-tools/arm-none-eabi-gcc/12.2.1-1.2.1/.content/bin/../lib/gcc/arm-none-eabi/12.2.1/thumb/v7e-m+fp/hard/crtbegin.o

.preinit_array  0x0000000008004bc8        0x0
                0x0000000008004bc8                . = ALIGN (0x8)
                0x0000000008004bc8                PROVIDE (__preinit_array_start = .)
 *(.preinit_array*)
                0x0000000008004bc8                PROVIDE (__preinit_array_end = .)
                0x0000000008004bc8                . = ALIGN (0x8)

.init_array     0x0000000008004bc8        0x8
                0x0000000008004bc8                . = ALIGN (0x8)
                0x0000000008004bc8                PROVIDE (__init_array_start = .)
 *(SORT_BY_NAME(.init_array.*))
 *(.init_array*)
 .init_array    0x0000000008004bc8        0x4 /home/daniels/.config/Code/User/globalStorage/bmd.stm32-for-vscode/@xpack-dev-tools/arm-none-eabi-gcc/12.2.1-1.2.1/.content/bin/../lib/gcc/arm-none-eabi/12.2.1/thumb/v7e-m+fp/hard/crtbegin.o
                0x0000000008004bcc                PROVIDE (__init_array_end = .)
                0x0000000008004bd0                . = ALIGN (0x8)
 *fill*         0x0000000008004bcc        0x4 

.fini_array     0x0000000008004bd0        0x8
                0x0000000008004bd0                . = ALIGN (0x8)
                0x0000000008004bd0                PROVIDE (__fini_array_start = .)
 *(SORT_BY_NAME(.fini_array.*))
 *(.fini_array*)
 .fini_array    0x0000000008004bd0        0x4 /home/daniels/.config/Code/User/globalStorage/bmd.stm32-for-vscode/@xpack-dev-tools/arm-none-eabi-gcc/12.2.1-1.2.1/.content/bin/../lib/gcc/arm-none-eabi/12.2.1/thumb/v7e-m+fp/hard/crtbegin.o
                0x0000000008004bd4                PROVIDE (__fini_array_end = .)
                0x0000000008004bd8                . = ALIGN (0x8)
 *fill*         0x0000000008004bd4        0x4 
                0x0000000008004bd8                _sidata = LOADADDR (.data)

.data           0x0000000020000000       0x10 load address 0x0000000008004bd8
                0x0000000020000000                . = ALIGN (0x8)
                0x0000000020000000                _sdata = .
 *(.data)
 *(.data*)
 .data.SystemCoreClock
                0x0000000020000000        0x4 build/system_stm32l4xx.o
                0x0000000020000000                SystemCoreClock
 .data.uwTickFreq
                0x0000000020000004        0x1 build/stm32l4xx_hal.o
                0x0000000020000004                uwTickFreq
 *fill*         0x0000000020000005        0x3 
 .data.uwTickPrio
                0x0000000020000008        0x4 build/stm32l4xx_hal.o
                0x0000000020000008                uwTickPrio
 .data.uxCriticalNesting
                0x000000002000000c        0x4 build/port.o
                0x0000000020000010                . = ALIGN (0x8)
                0x0000000020000010                _edata = .

.igot.plt       0x0000000020000010        0x0 load address 0x0000000008004be8
 .igot.plt      0x0000000020000010        0x0 /home/daniels/.config/Code/User/globalStorage/bmd.stm32-for-vscode/@xpack-dev-tools/arm-none-eabi-gcc/12.2.1-1.2.1/.content/bin/../lib/gcc/arm-none-eabi/12.2.1/thumb/v7e-m+fp/hard/crtbegin.o
                0x0000000020000010                . = ALIGN (0x4)

.bss            0x0000000020000010     0x1f10 load address 0x0000000008004be8
                0x0000000020000010                _sbss = .
                0x0000000020000010                __bss_start__ = _sbss
 *(.bss)
 *(.bss*)
 .bss.completed.1
                0x0000000020000010        0x1 /home/daniels/.config/Code/User/globalStorage/bmd.stm32-for-vscode/@xpack-dev-tools/arm-none-eabi-gcc/12.2.1-1.2.1/.content/bin/../lib/gcc/arm-none-eabi/12.2.1/thumb/v7e-m+fp/hard/crtbegin.o
 *fill*         0x0000000020000011        0x3 
 .bss.object.0  0x0000000020000014       0x18 /home/daniels/.config/Code/User/globalStorage/bmd.stm32-for-vscode/@xpack-dev-tools/arm-none-eabi-gcc/12.2.1-1.2.1/.content/bin/../lib/gcc/arm-none-eabi/12.2.1/thumb/v7e-m+fp/hard/crtbegin.o
 .bss.blink02Handle
                0x000000002000002c        0x4 build/main.o
                0x000000002000002c                blink02Handle
 .bss.blink01Handle
                0x0000000020000030        0x4 build/main.o
                0x0000000020000030                blink01Handle
 .bss.defaultTaskHandle
                0x0000000020000034        0x4 build/main.o
                0x0000000020000034                defaultTaskHandle
 .bss.hpcd_USB_OTG_FS
                0x0000000020000038      0x50c build/main.o
                0x0000000020000038                hpcd_USB_OTG_FS
 .bss.hlpuart1  0x0000000020000544       0x84 build/main.o
                0x0000000020000544                hlpuart1
 .bss.htim6     0x00000000200005c8       0x4c build/stm32l4xx_hal_timebase_tim.o
                0x00000000200005c8                htim6
 .bss.uwTick    0x0000000020000614        0x4 build/stm32l4xx_hal.o
                0x0000000020000614                uwTick
 .bss.Timer_Stack.0
                0x0000000020000618      0x400 build/cmsis_os2.o
 .bss.Timer_TCB.1
                0x0000000020000a18       0x5c build/cmsis_os2.o
 .bss.Idle_Stack.2
                0x0000000020000a74      0x200 build/cmsis_os2.o
 .bss.Idle_TCB.3
                0x0000000020000c74       0x5c build/cmsis_os2.o
 .bss.KernelState
                0x0000000020000cd0        0x4 build/cmsis_os2.o
 .bss.ulMaxPRIGROUPValue
                0x0000000020000cd4        0x4 build/port.o
 .bss.ucMaxSysCallPriority
                0x0000000020000cd8        0x1 build/port.o
 *fill*         0x0000000020000cd9        0x3 
 .bss.xBlockAllocatedBit
                0x0000000020000cdc        0x4 build/heap_4.o
 .bss.xNumberOfSuccessfulFrees
                0x0000000020000ce0        0x4 build/heap_4.o
 .bss.xNumberOfSuccessfulAllocations
                0x0000000020000ce4        0x4 build/heap_4.o
 .bss.xMinimumEverFreeBytesRemaining
                0x0000000020000ce8        0x4 build/heap_4.o
 .bss.xFreeBytesRemaining
                0x0000000020000cec        0x4 build/heap_4.o
 .bss.pxEnd     0x0000000020000cf0        0x4 build/heap_4.o
 .bss.xStart    0x0000000020000cf4        0x8 build/heap_4.o
 .bss.ucHeap    0x0000000020000cfc      0xbb8 build/heap_4.o
 .bss.xQueueRegistry
                0x00000000200018b4       0x40 build/queue.o
                0x00000000200018b4                xQueueRegistry
 .bss.uxSchedulerSuspended
                0x00000000200018f4        0x4 build/tasks.o
 .bss.xIdleTaskHandle
                0x00000000200018f8        0x4 build/tasks.o
 .bss.xNextTaskUnblockTime
                0x00000000200018fc        0x4 build/tasks.o
 .bss.uxTaskNumber
                0x0000000020001900        0x4 build/tasks.o
 .bss.xNumOfOverflows
                0x0000000020001904        0x4 build/tasks.o
 .bss.xYieldPending
                0x0000000020001908        0x4 build/tasks.o
 .bss.xPendedTicks
                0x000000002000190c        0x4 build/tasks.o
 .bss.xSchedulerRunning
                0x0000000020001910        0x4 build/tasks.o
 .bss.uxTopReadyPriority
                0x0000000020001914        0x4 build/tasks.o
 .bss.xTickCount
                0x0000000020001918        0x4 build/tasks.o
 .bss.uxCurrentNumberOfTasks
                0x000000002000191c        0x4 build/tasks.o
 .bss.xSuspendedTaskList
                0x0000000020001920       0x14 build/tasks.o
 .bss.uxDeletedTasksWaitingCleanUp
                0x0000000020001934        0x4 build/tasks.o
 .bss.xTasksWaitingTermination
                0x0000000020001938       0x14 build/tasks.o
 .bss.xPendingReadyList
                0x000000002000194c       0x14 build/tasks.o
 .bss.pxOverflowDelayedTaskList
                0x0000000020001960        0x4 build/tasks.o
 .bss.pxDelayedTaskList
                0x0000000020001964        0x4 build/tasks.o
 .bss.xDelayedTaskList2
                0x0000000020001968       0x14 build/tasks.o
 .bss.xDelayedTaskList1
                0x000000002000197c       0x14 build/tasks.o
 .bss.pxReadyTasksLists
                0x0000000020001990      0x460 build/tasks.o
 .bss.pxCurrentTCB
                0x0000000020001df0        0x4 build/tasks.o
                0x0000000020001df0                pxCurrentTCB
 .bss.xStaticTimerQueue.0
                0x0000000020001df4       0x50 build/timers.o
 .bss.ucStaticTimerQueueStorage.1
                0x0000000020001e44       0xa0 build/timers.o
 .bss.xLastTime.2
                0x0000000020001ee4        0x4 build/timers.o
 .bss.xTimerTaskHandle
                0x0000000020001ee8        0x4 build/timers.o
 .bss.xTimerQueue
                0x0000000020001eec        0x4 build/timers.o
 .bss.pxOverflowTimerList
                0x0000000020001ef0        0x4 build/timers.o
 .bss.pxCurrentTimerList
                0x0000000020001ef4        0x4 build/timers.o
 .bss.xActiveTimerList2
                0x0000000020001ef8       0x14 build/timers.o
 .bss.xActiveTimerList1
                0x0000000020001f0c       0x14 build/timers.o
 *(COMMON)
                0x0000000020001f20                . = ALIGN (0x4)
                0x0000000020001f20                _ebss = .
                0x0000000020001f20                __bss_end__ = _ebss

._user_heap_stack
                0x0000000020001f20      0x600 load address 0x0000000008004be8
                0x0000000020001f20                . = ALIGN (0x8)
                0x0000000020001f20                PROVIDE (end = .)
                [!provide]                        PROVIDE (_end = .)
                0x0000000020002120                . = (. + _Min_Heap_Size)
 *fill*         0x0000000020001f20      0x200 
                0x0000000020002520                . = (. + _Min_Stack_Size)
 *fill*         0x0000000020002120      0x400 
                0x0000000020002520                . = ALIGN (0x8)

/DISCARD/
 libc.a(*)
 libm.a(*)
 libgcc.a(*)

.ARM.attributes
                0x0000000000000000       0x30
 *(.ARM.attributes)
 .ARM.attributes
                0x0000000000000000       0x22 /home/daniels/.config/Code/User/globalStorage/bmd.stm32-for-vscode/@xpack-dev-tools/arm-none-eabi-gcc/12.2.1-1.2.1/.content/bin/../lib/gcc/arm-none-eabi/12.2.1/thumb/v7e-m+fp/hard/crti.o
 .ARM.attributes
                0x0000000000000022       0x34 /home/daniels/.config/Code/User/globalStorage/bmd.stm32-for-vscode/@xpack-dev-tools/arm-none-eabi-gcc/12.2.1-1.2.1/.content/bin/../lib/gcc/arm-none-eabi/12.2.1/thumb/v7e-m+fp/hard/crtbegin.o
 .ARM.attributes
                0x0000000000000056       0x34 build/main.o
 .ARM.attributes
                0x000000000000008a       0x34 build/stm32l4xx_hal_msp.o
 .ARM.attributes
                0x00000000000000be       0x34 build/stm32l4xx_hal_timebase_tim.o
 .ARM.attributes
                0x00000000000000f2       0x34 build/stm32l4xx_it.o
 .ARM.attributes
                0x0000000000000126       0x34 build/system_stm32l4xx.o
 .ARM.attributes
                0x000000000000015a       0x34 build/m281_relay.o
 .ARM.attributes
                0x000000000000018e       0x34 build/stm32l4xx_hal.o
 .ARM.attributes
                0x00000000000001c2       0x34 build/stm32l4xx_hal_cortex.o
 .ARM.attributes
                0x00000000000001f6       0x34 build/stm32l4xx_hal_gpio.o
 .ARM.attributes
                0x000000000000022a       0x34 build/stm32l4xx_hal_pcd.o
 .ARM.attributes
                0x000000000000025e       0x34 build/stm32l4xx_hal_pcd_ex.o
 .ARM.attributes
                0x0000000000000292       0x34 build/stm32l4xx_hal_pwr.o
 .ARM.attributes
                0x00000000000002c6       0x34 build/stm32l4xx_hal_pwr_ex.o
 .ARM.attributes
                0x00000000000002fa       0x34 build/stm32l4xx_hal_rcc.o
 .ARM.attributes
                0x000000000000032e       0x34 build/stm32l4xx_hal_rcc_ex.o
 .ARM.attributes
                0x0000000000000362       0x34 build/stm32l4xx_hal_tim.o
 .ARM.attributes
                0x0000000000000396       0x34 build/stm32l4xx_hal_tim_ex.o
 .ARM.attributes
                0x00000000000003ca       0x34 build/stm32l4xx_hal_uart.o
 .ARM.attributes
                0x00000000000003fe       0x34 build/stm32l4xx_ll_usb.o
 .ARM.attributes
                0x0000000000000432       0x34 build/cmsis_os2.o
 .ARM.attributes
                0x0000000000000466       0x34 build/list.o
 .ARM.attributes
                0x000000000000049a       0x34 build/port.o
 .ARM.attributes
                0x00000000000004ce       0x34 build/heap_4.o
 .ARM.attributes
                0x0000000000000502       0x34 build/queue.o
 .ARM.attributes
                0x0000000000000536       0x34 build/tasks.o
 .ARM.attributes
                0x000000000000056a       0x34 build/timers.o
 .ARM.attributes
                0x000000000000059e       0x21 build/startup_stm32l496xx.o
 .ARM.attributes
                0x00000000000005bf       0x34 /home/daniels/.config/Code/User/globalStorage/bmd.stm32-for-vscode/@xpack-dev-tools/arm-none-eabi-gcc/12.2.1-1.2.1/.content/bin/../lib/gcc/arm-none-eabi/12.2.1/../../../../arm-none-eabi/lib/thumb/v7e-m+fp/hard/libc_nano.a(libc_a-memset.o)
 .ARM.attributes
                0x00000000000005f3       0x34 /home/daniels/.config/Code/User/globalStorage/bmd.stm32-for-vscode/@xpack-dev-tools/arm-none-eabi-gcc/12.2.1-1.2.1/.content/bin/../lib/gcc/arm-none-eabi/12.2.1/../../../../arm-none-eabi/lib/thumb/v7e-m+fp/hard/libc_nano.a(libc_a-init.o)
 .ARM.attributes
                0x0000000000000627       0x34 /home/daniels/.config/Code/User/globalStorage/bmd.stm32-for-vscode/@xpack-dev-tools/arm-none-eabi-gcc/12.2.1-1.2.1/.content/bin/../lib/gcc/arm-none-eabi/12.2.1/../../../../arm-none-eabi/lib/thumb/v7e-m+fp/hard/libc_nano.a(libc_a-memcpy-stub.o)
 .ARM.attributes
                0x000000000000065b       0x22 /home/daniels/.config/Code/User/globalStorage/bmd.stm32-for-vscode/@xpack-dev-tools/arm-none-eabi-gcc/12.2.1-1.2.1/.content/bin/../lib/gcc/arm-none-eabi/12.2.1/thumb/v7e-m+fp/hard/libgcc.a(_aeabi_uldivmod.o)
 .ARM.attributes
                0x000000000000067d       0x34 /home/daniels/.config/Code/User/globalStorage/bmd.stm32-for-vscode/@xpack-dev-tools/arm-none-eabi-gcc/12.2.1-1.2.1/.content/bin/../lib/gcc/arm-none-eabi/12.2.1/thumb/v7e-m+fp/hard/libgcc.a(_udivmoddi4.o)
 .ARM.attributes
                0x00000000000006b1       0x22 /home/daniels/.config/Code/User/globalStorage/bmd.stm32-for-vscode/@xpack-dev-tools/arm-none-eabi-gcc/12.2.1-1.2.1/.content/bin/../lib/gcc/arm-none-eabi/12.2.1/thumb/v7e-m+fp/hard/libgcc.a(_dvmd_tls.o)
 .ARM.attributes
                0x00000000000006d3       0x22 /home/daniels/.config/Code/User/globalStorage/bmd.stm32-for-vscode/@xpack-dev-tools/arm-none-eabi-gcc/12.2.1-1.2.1/.content/bin/../lib/gcc/arm-none-eabi/12.2.1/thumb/v7e-m+fp/hard/crtn.o
OUTPUT(build/ITB_Studies.elf elf32-littlearm)
LOAD linker stubs
LOAD /home/daniels/.config/Code/User/globalStorage/bmd.stm32-for-vscode/@xpack-dev-tools/arm-none-eabi-gcc/12.2.1-1.2.1/.content/bin/../lib/gcc/arm-none-eabi/12.2.1/../../../../arm-none-eabi/lib/thumb/v7e-m+fp/hard/libc.a
LOAD /home/daniels/.config/Code/User/globalStorage/bmd.stm32-for-vscode/@xpack-dev-tools/arm-none-eabi-gcc/12.2.1-1.2.1/.content/bin/../lib/gcc/arm-none-eabi/12.2.1/../../../../arm-none-eabi/lib/thumb/v7e-m+fp/hard/libm.a
LOAD /home/daniels/.config/Code/User/globalStorage/bmd.stm32-for-vscode/@xpack-dev-tools/arm-none-eabi-gcc/12.2.1-1.2.1/.content/bin/../lib/gcc/arm-none-eabi/12.2.1/thumb/v7e-m+fp/hard/libgcc.a

.comment        0x0000000000000000       0x39
 .comment       0x0000000000000000       0x39 /home/daniels/.config/Code/User/globalStorage/bmd.stm32-for-vscode/@xpack-dev-tools/arm-none-eabi-gcc/12.2.1-1.2.1/.content/bin/../lib/gcc/arm-none-eabi/12.2.1/thumb/v7e-m+fp/hard/crtbegin.o
                                         0x3a (size before relaxing)
 .comment       0x0000000000000039       0x3a build/main.o
 .comment       0x0000000000000039       0x3a build/stm32l4xx_hal_msp.o
 .comment       0x0000000000000039       0x3a build/stm32l4xx_hal_timebase_tim.o
 .comment       0x0000000000000039       0x3a build/stm32l4xx_it.o
 .comment       0x0000000000000039       0x3a build/system_stm32l4xx.o
 .comment       0x0000000000000039       0x3a build/m281_relay.o
 .comment       0x0000000000000039       0x3a build/stm32l4xx_hal.o
 .comment       0x0000000000000039       0x3a build/stm32l4xx_hal_cortex.o
 .comment       0x0000000000000039       0x3a build/stm32l4xx_hal_gpio.o
 .comment       0x0000000000000039       0x3a build/stm32l4xx_hal_pcd.o
 .comment       0x0000000000000039       0x3a build/stm32l4xx_hal_pcd_ex.o
 .comment       0x0000000000000039       0x3a build/stm32l4xx_hal_pwr.o
 .comment       0x0000000000000039       0x3a build/stm32l4xx_hal_pwr_ex.o
 .comment       0x0000000000000039       0x3a build/stm32l4xx_hal_rcc.o
 .comment       0x0000000000000039       0x3a build/stm32l4xx_hal_rcc_ex.o
 .comment       0x0000000000000039       0x3a build/stm32l4xx_hal_tim.o
 .comment       0x0000000000000039       0x3a build/stm32l4xx_hal_tim_ex.o
 .comment       0x0000000000000039       0x3a build/stm32l4xx_hal_uart.o
 .comment       0x0000000000000039       0x3a build/stm32l4xx_ll_usb.o
 .comment       0x0000000000000039       0x3a build/cmsis_os2.o
 .comment       0x0000000000000039       0x3a build/list.o
 .comment       0x0000000000000039       0x3a build/port.o
 .comment       0x0000000000000039       0x3a build/heap_4.o
 .comment       0x0000000000000039       0x3a build/queue.o
 .comment       0x0000000000000039       0x3a build/tasks.o
 .comment       0x0000000000000039       0x3a build/timers.o
 .comment       0x0000000000000039       0x3a /home/daniels/.config/Code/User/globalStorage/bmd.stm32-for-vscode/@xpack-dev-tools/arm-none-eabi-gcc/12.2.1-1.2.1/.content/bin/../lib/gcc/arm-none-eabi/12.2.1/../../../../arm-none-eabi/lib/thumb/v7e-m+fp/hard/libc_nano.a(libc_a-memset.o)
 .comment       0x0000000000000039       0x3a /home/daniels/.config/Code/User/globalStorage/bmd.stm32-for-vscode/@xpack-dev-tools/arm-none-eabi-gcc/12.2.1-1.2.1/.content/bin/../lib/gcc/arm-none-eabi/12.2.1/../../../../arm-none-eabi/lib/thumb/v7e-m+fp/hard/libc_nano.a(libc_a-init.o)
 .comment       0x0000000000000039       0x3a /home/daniels/.config/Code/User/globalStorage/bmd.stm32-for-vscode/@xpack-dev-tools/arm-none-eabi-gcc/12.2.1-1.2.1/.content/bin/../lib/gcc/arm-none-eabi/12.2.1/../../../../arm-none-eabi/lib/thumb/v7e-m+fp/hard/libc_nano.a(libc_a-memcpy-stub.o)
 .comment       0x0000000000000039       0x3a /home/daniels/.config/Code/User/globalStorage/bmd.stm32-for-vscode/@xpack-dev-tools/arm-none-eabi-gcc/12.2.1-1.2.1/.content/bin/../lib/gcc/arm-none-eabi/12.2.1/thumb/v7e-m+fp/hard/libgcc.a(_udivmoddi4.o)

.debug_info     0x0000000000000000    0x266be
 .debug_info    0x0000000000000000     0x1d3c build/main.o
 .debug_info    0x0000000000001d3c     0x16e8 build/stm32l4xx_hal_msp.o
 .debug_info    0x0000000000003424      0xd73 build/stm32l4xx_hal_timebase_tim.o
 .debug_info    0x0000000000004197      0x6db build/stm32l4xx_it.o
 .debug_info    0x0000000000004872      0x5e7 build/system_stm32l4xx.o
 .debug_info    0x0000000000004e59      0x31d build/m281_relay.o
 .debug_info    0x0000000000005176      0xc06 build/stm32l4xx_hal.o
 .debug_info    0x0000000000005d7c      0xfb3 build/stm32l4xx_hal_cortex.o
 .debug_info    0x0000000000006d2f      0x7a1 build/stm32l4xx_hal_gpio.o
 .debug_info    0x00000000000074d0     0x1b3b build/stm32l4xx_hal_pcd.o
 .debug_info    0x000000000000900b      0x9ed build/stm32l4xx_hal_pcd_ex.o
 .debug_info    0x00000000000099f8      0x999 build/stm32l4xx_hal_pwr.o
 .debug_info    0x000000000000a391      0xa44 build/stm32l4xx_hal_pwr_ex.o
 .debug_info    0x000000000000add5      0xed0 build/stm32l4xx_hal_rcc.o
 .debug_info    0x000000000000bca5     0x1507 build/stm32l4xx_hal_rcc_ex.o
 .debug_info    0x000000000000d1ac     0x3c88 build/stm32l4xx_hal_tim.o
 .debug_info    0x0000000000010e34     0x1ccc build/stm32l4xx_hal_tim_ex.o
 .debug_info    0x0000000000012b00     0x4fe4 build/stm32l4xx_hal_uart.o
 .debug_info    0x0000000000017ae4     0x1db2 build/stm32l4xx_ll_usb.o
 .debug_info    0x0000000000019896     0x4d82 build/cmsis_os2.o
 .debug_info    0x000000000001e618      0x2bf build/list.o
 .debug_info    0x000000000001e8d7      0x55a build/port.o
 .debug_info    0x000000000001ee31      0x593 build/heap_4.o
 .debug_info    0x000000000001f3c4     0x2775 build/queue.o
 .debug_info    0x0000000000021b39     0x3067 build/tasks.o
 .debug_info    0x0000000000024ba0     0x1af0 build/timers.o
 .debug_info    0x0000000000026690       0x2e build/startup_stm32l496xx.o

.debug_abbrev   0x0000000000000000     0x44aa
 .debug_abbrev  0x0000000000000000      0x353 build/main.o
 .debug_abbrev  0x0000000000000353      0x258 build/stm32l4xx_hal_msp.o
 .debug_abbrev  0x00000000000005ab      0x232 build/stm32l4xx_hal_timebase_tim.o
 .debug_abbrev  0x00000000000007dd      0x187 build/stm32l4xx_it.o
 .debug_abbrev  0x0000000000000964      0x11e build/system_stm32l4xx.o
 .debug_abbrev  0x0000000000000a82      0x182 build/m281_relay.o
 .debug_abbrev  0x0000000000000c04      0x267 build/stm32l4xx_hal.o
 .debug_abbrev  0x0000000000000e6b      0x39b build/stm32l4xx_hal_cortex.o
 .debug_abbrev  0x0000000000001206      0x1f9 build/stm32l4xx_hal_gpio.o
 .debug_abbrev  0x00000000000013ff      0x2e9 build/stm32l4xx_hal_pcd.o
 .debug_abbrev  0x00000000000016e8      0x2ad build/stm32l4xx_hal_pcd_ex.o
 .debug_abbrev  0x0000000000001995      0x1c1 build/stm32l4xx_hal_pwr.o
 .debug_abbrev  0x0000000000001b56      0x215 build/stm32l4xx_hal_pwr_ex.o
 .debug_abbrev  0x0000000000001d6b      0x2ab build/stm32l4xx_hal_rcc.o
 .debug_abbrev  0x0000000000002016      0x2a8 build/stm32l4xx_hal_rcc_ex.o
 .debug_abbrev  0x00000000000022be      0x271 build/stm32l4xx_hal_tim.o
 .debug_abbrev  0x000000000000252f      0x26f build/stm32l4xx_hal_tim_ex.o
 .debug_abbrev  0x000000000000279e      0x301 build/stm32l4xx_hal_uart.o
 .debug_abbrev  0x0000000000002a9f      0x322 build/stm32l4xx_ll_usb.o
 .debug_abbrev  0x0000000000002dc1      0x5cd build/cmsis_os2.o
 .debug_abbrev  0x000000000000338e      0x10a build/list.o
 .debug_abbrev  0x0000000000003498      0x293 build/port.o
 .debug_abbrev  0x000000000000372b      0x263 build/heap_4.o
 .debug_abbrev  0x000000000000398e      0x3ea build/queue.o
 .debug_abbrev  0x0000000000003d78      0x394 build/tasks.o
 .debug_abbrev  0x000000000000410c      0x381 build/timers.o
 .debug_abbrev  0x000000000000448d       0x1d build/startup_stm32l496xx.o

.debug_loclists
                0x0000000000000000    0x12c56
 .debug_loclists
                0x0000000000000000       0x79 build/main.o
 .debug_loclists
                0x0000000000000079       0xa5 build/stm32l4xx_hal_msp.o
 .debug_loclists
                0x000000000000011e       0x93 build/stm32l4xx_hal_timebase_tim.o
 .debug_loclists
                0x00000000000001b1       0xb5 build/system_stm32l4xx.o
 .debug_loclists
                0x0000000000000266      0x12f build/stm32l4xx_hal.o
 .debug_loclists
                0x0000000000000395      0x439 build/stm32l4xx_hal_cortex.o
 .debug_loclists
                0x00000000000007ce      0x267 build/stm32l4xx_hal_gpio.o
 .debug_loclists
                0x0000000000000a35      0xbd3 build/stm32l4xx_hal_pcd.o
 .debug_loclists
                0x0000000000001608      0x15b build/stm32l4xx_hal_pcd_ex.o
 .debug_loclists
                0x0000000000001763      0x114 build/stm32l4xx_hal_pwr.o
 .debug_loclists
                0x0000000000001877      0x63f build/stm32l4xx_hal_pwr_ex.o
 .debug_loclists
                0x0000000000001eb6      0x558 build/stm32l4xx_hal_rcc.o
 .debug_loclists
                0x000000000000240e     0x142b build/stm32l4xx_hal_rcc_ex.o
 .debug_loclists
                0x0000000000003839     0x364a build/stm32l4xx_hal_tim.o
 .debug_loclists
                0x0000000000006e83     0x1784 build/stm32l4xx_hal_tim_ex.o
 .debug_loclists
                0x0000000000008607     0x2cd2 build/stm32l4xx_hal_uart.o
 .debug_loclists
                0x000000000000b2d9     0x146c build/stm32l4xx_ll_usb.o
 .debug_loclists
                0x000000000000c745     0x31d5 build/cmsis_os2.o
 .debug_loclists
                0x000000000000f91a       0x6f build/list.o
 .debug_loclists
                0x000000000000f989       0xbb build/port.o
 .debug_loclists
                0x000000000000fa44      0x2ab build/heap_4.o
 .debug_loclists
                0x000000000000fcef      0xfbc build/queue.o
 .debug_loclists
                0x0000000000010cab     0x156b build/tasks.o
 .debug_loclists
                0x0000000000012216      0xa40 build/timers.o

.debug_aranges  0x0000000000000000     0x1a58
 .debug_aranges
                0x0000000000000000       0x68 build/main.o
 .debug_aranges
                0x0000000000000068       0x40 build/stm32l4xx_hal_msp.o
 .debug_aranges
                0x00000000000000a8       0x30 build/stm32l4xx_hal_timebase_tim.o
 .debug_aranges
                0x00000000000000d8       0x50 build/stm32l4xx_it.o
 .debug_aranges
                0x0000000000000128       0x28 build/system_stm32l4xx.o
 .debug_aranges
                0x0000000000000150       0x30 build/m281_relay.o
 .debug_aranges
                0x0000000000000180      0x130 build/stm32l4xx_hal.o
 .debug_aranges
                0x00000000000002b0       0xe0 build/stm32l4xx_hal_cortex.o
 .debug_aranges
                0x0000000000000390       0x58 build/stm32l4xx_hal_gpio.o
 .debug_aranges
                0x00000000000003e8      0x138 build/stm32l4xx_hal_pcd.o
 .debug_aranges
                0x0000000000000520       0x60 build/stm32l4xx_hal_pcd_ex.o
 .debug_aranges
                0x0000000000000580       0x98 build/stm32l4xx_hal_pwr.o
 .debug_aranges
                0x0000000000000618      0x150 build/stm32l4xx_hal_pwr_ex.o
 .debug_aranges
                0x0000000000000768       0x90 build/stm32l4xx_hal_rcc.o
 .debug_aranges
                0x00000000000007f8      0x108 build/stm32l4xx_hal_rcc_ex.o
 .debug_aranges
                0x0000000000000900      0x3e0 build/stm32l4xx_hal_tim.o
 .debug_aranges
                0x0000000000000ce0      0x180 build/stm32l4xx_hal_tim_ex.o
 .debug_aranges
                0x0000000000000e60      0x228 build/stm32l4xx_hal_uart.o
 .debug_aranges
                0x0000000000001088      0x1a0 build/stm32l4xx_ll_usb.o
 .debug_aranges
                0x0000000000001228      0x2a0 build/cmsis_os2.o
 .debug_aranges
                0x00000000000014c8       0x40 build/list.o
 .debug_aranges
                0x0000000000001508       0x80 build/port.o
 .debug_aranges
                0x0000000000001588       0x58 build/heap_4.o
 .debug_aranges
                0x00000000000015e0      0x158 build/queue.o
 .debug_aranges
                0x0000000000001738      0x208 build/tasks.o
 .debug_aranges
                0x0000000000001940       0xf0 build/timers.o
 .debug_aranges
                0x0000000000001a30       0x28 build/startup_stm32l496xx.o

.debug_rnglists
                0x0000000000000000     0x153b
 .debug_rnglists
                0x0000000000000000       0x4b build/main.o
 .debug_rnglists
                0x000000000000004b       0x2d build/stm32l4xx_hal_msp.o
 .debug_rnglists
                0x0000000000000078       0x20 build/stm32l4xx_hal_timebase_tim.o
 .debug_rnglists
                0x0000000000000098       0x37 build/stm32l4xx_it.o
 .debug_rnglists
                0x00000000000000cf       0x1a build/system_stm32l4xx.o
 .debug_rnglists
                0x00000000000000e9       0x1f build/m281_relay.o
 .debug_rnglists
                0x0000000000000108       0xdf build/stm32l4xx_hal.o
 .debug_rnglists
                0x00000000000001e7       0xa3 build/stm32l4xx_hal_cortex.o
 .debug_rnglists
                0x000000000000028a       0x3f build/stm32l4xx_hal_gpio.o
 .debug_rnglists
                0x00000000000002c9       0xea build/stm32l4xx_hal_pcd.o
 .debug_rnglists
                0x00000000000003b3       0x44 build/stm32l4xx_hal_pcd_ex.o
 .debug_rnglists
                0x00000000000003f7       0x6e build/stm32l4xx_hal_pwr.o
 .debug_rnglists
                0x0000000000000465       0xfd build/stm32l4xx_hal_pwr_ex.o
 .debug_rnglists
                0x0000000000000562       0x7c build/stm32l4xx_hal_rcc.o
 .debug_rnglists
                0x00000000000005de       0xdb build/stm32l4xx_hal_rcc_ex.o
 .debug_rnglists
                0x00000000000006b9      0x313 build/stm32l4xx_hal_tim.o
 .debug_rnglists
                0x00000000000009cc      0x12f build/stm32l4xx_hal_tim_ex.o
 .debug_rnglists
                0x0000000000000afb      0x1bc build/stm32l4xx_hal_uart.o
 .debug_rnglists
                0x0000000000000cb7      0x141 build/stm32l4xx_ll_usb.o
 .debug_rnglists
                0x0000000000000df8      0x1fe build/cmsis_os2.o
 .debug_rnglists
                0x0000000000000ff6       0x2b build/list.o
 .debug_rnglists
                0x0000000000001021       0x69 build/port.o
 .debug_rnglists
                0x000000000000108a       0x3f build/heap_4.o
 .debug_rnglists
                0x00000000000010c9      0x170 build/queue.o
 .debug_rnglists
                0x0000000000001239      0x239 build/tasks.o
 .debug_rnglists
                0x0000000000001472       0xb0 build/timers.o
 .debug_rnglists
                0x0000000000001522       0x19 build/startup_stm32l496xx.o

.debug_line     0x0000000000000000    0x1ff9f
 .debug_line    0x0000000000000000      0x75c build/main.o
 .debug_line    0x000000000000075c      0x50e build/stm32l4xx_hal_msp.o
 .debug_line    0x0000000000000c6a      0x37d build/stm32l4xx_hal_timebase_tim.o
 .debug_line    0x0000000000000fe7      0x30f build/stm32l4xx_it.o
 .debug_line    0x00000000000012f6      0x327 build/system_stm32l4xx.o
 .debug_line    0x000000000000161d      0x293 build/m281_relay.o
 .debug_line    0x00000000000018b0      0x72a build/stm32l4xx_hal.o
 .debug_line    0x0000000000001fda      0x8a4 build/stm32l4xx_hal_cortex.o
 .debug_line    0x000000000000287e      0x73a build/stm32l4xx_hal_gpio.o
 .debug_line    0x0000000000002fb8     0x147c build/stm32l4xx_hal_pcd.o
 .debug_line    0x0000000000004434      0x54a build/stm32l4xx_hal_pcd_ex.o
 .debug_line    0x000000000000497e      0x4a6 build/stm32l4xx_hal_pwr.o
 .debug_line    0x0000000000004e24      0xb3c build/stm32l4xx_hal_pwr_ex.o
 .debug_line    0x0000000000005960      0xfeb build/stm32l4xx_hal_rcc.o
 .debug_line    0x000000000000694b     0x1942 build/stm32l4xx_hal_rcc_ex.o
 .debug_line    0x000000000000828d     0x4fa7 build/stm32l4xx_hal_tim.o
 .debug_line    0x000000000000d234     0x206f build/stm32l4xx_hal_tim_ex.o
 .debug_line    0x000000000000f2a3     0x52ef build/stm32l4xx_hal_uart.o
 .debug_line    0x0000000000014592     0x1cfd build/stm32l4xx_ll_usb.o
 .debug_line    0x000000000001628f     0x2bbc build/cmsis_os2.o
 .debug_line    0x0000000000018e4b      0x3eb build/list.o
 .debug_line    0x0000000000019236      0x761 build/port.o
 .debug_line    0x0000000000019997      0x7f4 build/heap_4.o
 .debug_line    0x000000000001a18b     0x20ac build/queue.o
 .debug_line    0x000000000001c237     0x2d50 build/tasks.o
 .debug_line    0x000000000001ef87      0xfa2 build/timers.o
 .debug_line    0x000000000001ff29       0x76 build/startup_stm32l496xx.o

.debug_str      0x0000000000000000     0x9204
 .debug_str     0x0000000000000000     0x1655 build/main.o
                                       0x175f (size before relaxing)
 .debug_str     0x0000000000001655      0x8cf build/stm32l4xx_hal_msp.o
                                       0x143e (size before relaxing)
 .debug_str     0x0000000000001f24      0x117 build/stm32l4xx_hal_timebase_tim.o
                                        0xed6 (size before relaxing)
 .debug_str     0x000000000000203b       0xa4 build/stm32l4xx_it.o
                                        0x708 (size before relaxing)
 .debug_str     0x00000000000020df       0xef build/system_stm32l4xx.o
                                        0x3b7 (size before relaxing)
 .debug_str     0x00000000000021ce       0x2a build/m281_relay.o
                                        0x28c (size before relaxing)
 .debug_str     0x00000000000021f8      0x453 build/stm32l4xx_hal.o
                                        0xd4b (size before relaxing)
 .debug_str     0x000000000000264b      0x425 build/stm32l4xx_hal_cortex.o
                                        0xc60 (size before relaxing)
 .debug_str     0x0000000000002a70       0xff build/stm32l4xx_hal_gpio.o
                                        0x51f (size before relaxing)
 .debug_str     0x0000000000002b6f      0x7e5 build/stm32l4xx_hal_pcd.o
                                        0xdd1 (size before relaxing)
 .debug_str     0x0000000000003354      0x199 build/stm32l4xx_hal_pcd_ex.o
                                        0x7dc (size before relaxing)
 .debug_str     0x00000000000034ed      0x2d9 build/stm32l4xx_hal_pwr.o
                                        0x698 (size before relaxing)
 .debug_str     0x00000000000037c6      0x3eb build/stm32l4xx_hal_pwr_ex.o
                                        0x7f1 (size before relaxing)
 .debug_str     0x0000000000003bb1      0x1f0 build/stm32l4xx_hal_rcc.o
                                        0x881 (size before relaxing)
 .debug_str     0x0000000000003da1      0x481 build/stm32l4xx_hal_rcc_ex.o
                                        0xcc2 (size before relaxing)
 .debug_str     0x0000000000004222      0xf3e build/stm32l4xx_hal_tim.o
                                       0x16da (size before relaxing)
 .debug_str     0x0000000000005160      0x665 build/stm32l4xx_hal_tim_ex.o
                                        0xffe (size before relaxing)
 .debug_str     0x00000000000057c5      0x7cb build/stm32l4xx_hal_uart.o
                                        0xfca (size before relaxing)
 .debug_str     0x0000000000005f90      0x43d build/stm32l4xx_ll_usb.o
                                        0xcc3 (size before relaxing)
 .debug_str     0x00000000000063cd     0x141a build/cmsis_os2.o
                                       0x21f6 (size before relaxing)
 .debug_str     0x00000000000077e7      0x136 build/list.o
                                        0x2d3 (size before relaxing)
 .debug_str     0x000000000000791d      0x22a build/port.o
                                        0x453 (size before relaxing)
 .debug_str     0x0000000000007b47      0x2c8 build/heap_4.o
                                        0x4ec (size before relaxing)
 .debug_str     0x0000000000007e0f      0x61f build/queue.o
                                        0xce9 (size before relaxing)
 .debug_str     0x000000000000842e      0x8d4 build/tasks.o
                                       0x12b8 (size before relaxing)
 .debug_str     0x0000000000008d02      0x4d0 build/timers.o
                                        0xc19 (size before relaxing)
 .debug_str     0x00000000000091d2       0x32 build/startup_stm32l496xx.o
                                         0x4f (size before relaxing)

.debug_frame    0x0000000000000000     0x47ec
 .debug_frame   0x0000000000000000      0x10c build/main.o
 .debug_frame   0x000000000000010c       0xac build/stm32l4xx_hal_msp.o
 .debug_frame   0x00000000000001b8       0x54 build/stm32l4xx_hal_timebase_tim.o
 .debug_frame   0x000000000000020c       0x88 build/stm32l4xx_it.o
 .debug_frame   0x0000000000000294       0x30 build/system_stm32l4xx.o
 .debug_frame   0x00000000000002c4       0x6c build/m281_relay.o
 .debug_frame   0x0000000000000330      0x274 build/stm32l4xx_hal.o
 .debug_frame   0x00000000000005a4      0x1e4 build/stm32l4xx_hal_cortex.o
 .debug_frame   0x0000000000000788       0xd0 build/stm32l4xx_hal_gpio.o
 .debug_frame   0x0000000000000858      0x35c build/stm32l4xx_hal_pcd.o
 .debug_frame   0x0000000000000bb4       0xb8 build/stm32l4xx_hal_pcd_ex.o
 .debug_frame   0x0000000000000c6c      0x120 build/stm32l4xx_hal_pwr.o
 .debug_frame   0x0000000000000d8c      0x298 build/stm32l4xx_hal_pwr_ex.o
 .debug_frame   0x0000000000001024      0x19c build/stm32l4xx_hal_rcc.o
 .debug_frame   0x00000000000011c0      0x2a8 build/stm32l4xx_hal_rcc_ex.o
 .debug_frame   0x0000000000001468      0xb50 build/stm32l4xx_hal_tim.o
 .debug_frame   0x0000000000001fb8      0x470 build/stm32l4xx_hal_tim_ex.o
 .debug_frame   0x0000000000002428      0x600 build/stm32l4xx_hal_uart.o
 .debug_frame   0x0000000000002a28      0x480 build/stm32l4xx_ll_usb.o
 .debug_frame   0x0000000000002ea8      0x90c build/cmsis_os2.o
 .debug_frame   0x00000000000037b4       0x70 build/list.o
 .debug_frame   0x0000000000003824      0x110 build/port.o
 .debug_frame   0x0000000000003934       0xd0 build/heap_4.o
 .debug_frame   0x0000000000003a04      0x458 build/queue.o
 .debug_frame   0x0000000000003e5c      0x684 build/tasks.o
 .debug_frame   0x00000000000044e0      0x30c build/timers.o

.debug_line_str
                0x0000000000000000       0x33
 .debug_line_str
                0x0000000000000000       0x33 build/startup_stm32l496xx.o

Cross Reference Table

Symbol                                            File
ADC1_2_IRQHandler                                 build/startup_stm32l496xx.o
ADC3_IRQHandler                                   build/startup_stm32l496xx.o
AHBPrescTable                                     build/system_stm32l4xx.o
                                                  build/stm32l4xx_hal_rcc.o
APBPrescTable                                     build/system_stm32l4xx.o
                                                  build/stm32l4xx_hal_rcc.o
BusFault_Handler                                  build/stm32l4xx_it.o
CAN1_RX0_IRQHandler                               build/startup_stm32l496xx.o
CAN1_RX1_IRQHandler                               build/startup_stm32l496xx.o
CAN1_SCE_IRQHandler                               build/startup_stm32l496xx.o
CAN1_TX_IRQHandler                                build/startup_stm32l496xx.o
CAN2_RX0_IRQHandler                               build/startup_stm32l496xx.o
CAN2_RX1_IRQHandler                               build/startup_stm32l496xx.o
CAN2_SCE_IRQHandler                               build/startup_stm32l496xx.o
CAN2_TX_IRQHandler                                build/startup_stm32l496xx.o
COMP_IRQHandler                                   build/startup_stm32l496xx.o
CRS_IRQHandler                                    build/startup_stm32l496xx.o
DCMI_IRQHandler                                   build/startup_stm32l496xx.o
DFSDM1_FLT0_IRQHandler                            build/startup_stm32l496xx.o
DFSDM1_FLT1_IRQHandler                            build/startup_stm32l496xx.o
DFSDM1_FLT2_IRQHandler                            build/startup_stm32l496xx.o
DFSDM1_FLT3_IRQHandler                            build/startup_stm32l496xx.o
DMA1_Channel1_IRQHandler                          build/startup_stm32l496xx.o
DMA1_Channel2_IRQHandler                          build/startup_stm32l496xx.o
DMA1_Channel3_IRQHandler                          build/startup_stm32l496xx.o
DMA1_Channel4_IRQHandler                          build/startup_stm32l496xx.o
DMA1_Channel5_IRQHandler                          build/startup_stm32l496xx.o
DMA1_Channel6_IRQHandler                          build/startup_stm32l496xx.o
DMA1_Channel7_IRQHandler                          build/startup_stm32l496xx.o
DMA2D_IRQHandler                                  build/startup_stm32l496xx.o
DMA2_Channel1_IRQHandler                          build/startup_stm32l496xx.o
DMA2_Channel2_IRQHandler                          build/startup_stm32l496xx.o
DMA2_Channel3_IRQHandler                          build/startup_stm32l496xx.o
DMA2_Channel4_IRQHandler                          build/startup_stm32l496xx.o
DMA2_Channel5_IRQHandler                          build/startup_stm32l496xx.o
DMA2_Channel6_IRQHandler                          build/startup_stm32l496xx.o
DMA2_Channel7_IRQHandler                          build/startup_stm32l496xx.o
DebugMon_Handler                                  build/stm32l4xx_it.o
Default_Handler                                   build/startup_stm32l496xx.o
EXTI0_IRQHandler                                  build/startup_stm32l496xx.o
EXTI15_10_IRQHandler                              build/startup_stm32l496xx.o
EXTI1_IRQHandler                                  build/startup_stm32l496xx.o
EXTI2_IRQHandler                                  build/startup_stm32l496xx.o
EXTI3_IRQHandler                                  build/startup_stm32l496xx.o
EXTI4_IRQHandler                                  build/startup_stm32l496xx.o
EXTI9_5_IRQHandler                                build/startup_stm32l496xx.o
Error_Handler                                     build/main.o
                                                  build/stm32l4xx_hal_msp.o
FLASH_FlushCaches                                 build/stm32l4xx_hal_flash_ex.o
                                                  build/stm32l4xx_hal_flash.o
FLASH_IRQHandler                                  build/startup_stm32l496xx.o
FLASH_PageErase                                   build/stm32l4xx_hal_flash_ex.o
                                                  build/stm32l4xx_hal_flash.o
FLASH_WaitForLastOperation                        build/stm32l4xx_hal_flash.o
                                                  build/stm32l4xx_hal_flash_ex.o
FMC_IRQHandler                                    build/startup_stm32l496xx.o
FPU_IRQHandler                                    build/startup_stm32l496xx.o
HAL_DBGMCU_DisableDBGSleepMode                    build/stm32l4xx_hal.o
HAL_DBGMCU_DisableDBGStandbyMode                  build/stm32l4xx_hal.o
HAL_DBGMCU_DisableDBGStopMode                     build/stm32l4xx_hal.o
HAL_DBGMCU_EnableDBGSleepMode                     build/stm32l4xx_hal.o
HAL_DBGMCU_EnableDBGStandbyMode                   build/stm32l4xx_hal.o
HAL_DBGMCU_EnableDBGStopMode                      build/stm32l4xx_hal.o
HAL_DMA_Abort                                     build/stm32l4xx_hal_dma.o
                                                  build/stm32l4xx_hal_uart.o
HAL_DMA_Abort_IT                                  build/stm32l4xx_hal_dma.o
                                                  build/stm32l4xx_hal_uart.o
                                                  build/stm32l4xx_hal_tim_ex.o
                                                  build/stm32l4xx_hal_tim.o
HAL_DMA_DeInit                                    build/stm32l4xx_hal_dma.o
HAL_DMA_GetError                                  build/stm32l4xx_hal_dma.o
                                                  build/stm32l4xx_hal_uart.o
HAL_DMA_GetState                                  build/stm32l4xx_hal_dma.o
HAL_DMA_IRQHandler                                build/stm32l4xx_hal_dma.o
HAL_DMA_Init                                      build/stm32l4xx_hal_dma.o
HAL_DMA_PollForTransfer                           build/stm32l4xx_hal_dma.o
HAL_DMA_RegisterCallback                          build/stm32l4xx_hal_dma.o
HAL_DMA_Start                                     build/stm32l4xx_hal_dma.o
HAL_DMA_Start_IT                                  build/stm32l4xx_hal_dma.o
                                                  build/stm32l4xx_hal_uart.o
                                                  build/stm32l4xx_hal_tim_ex.o
                                                  build/stm32l4xx_hal_tim.o
HAL_DMA_UnRegisterCallback                        build/stm32l4xx_hal_dma.o
HAL_DeInit                                        build/stm32l4xx_hal.o
HAL_Delay                                         build/stm32l4xx_hal.o
                                                  build/stm32l4xx_ll_usb.o
                                                  build/stm32l4xx_hal_pcd_ex.o
HAL_EXTI_ClearConfigLine                          build/stm32l4xx_hal_exti.o
HAL_EXTI_ClearPending                             build/stm32l4xx_hal_exti.o
HAL_EXTI_GenerateSWI                              build/stm32l4xx_hal_exti.o
HAL_EXTI_GetConfigLine                            build/stm32l4xx_hal_exti.o
HAL_EXTI_GetHandle                                build/stm32l4xx_hal_exti.o
HAL_EXTI_GetPending                               build/stm32l4xx_hal_exti.o
HAL_EXTI_IRQHandler                               build/stm32l4xx_hal_exti.o
HAL_EXTI_RegisterCallback                         build/stm32l4xx_hal_exti.o
HAL_EXTI_SetConfigLine                            build/stm32l4xx_hal_exti.o
HAL_FLASHEx_DisableRunPowerDown                   build/stm32l4xx_hal_flash_ramfunc.o
HAL_FLASHEx_EnableRunPowerDown                    build/stm32l4xx_hal_flash_ramfunc.o
HAL_FLASHEx_Erase                                 build/stm32l4xx_hal_flash_ex.o
HAL_FLASHEx_Erase_IT                              build/stm32l4xx_hal_flash_ex.o
HAL_FLASHEx_OBGetConfig                           build/stm32l4xx_hal_flash_ex.o
HAL_FLASHEx_OBProgram                             build/stm32l4xx_hal_flash_ex.o
HAL_FLASH_EndOfOperationCallback                  build/stm32l4xx_hal_flash.o
HAL_FLASH_GetError                                build/stm32l4xx_hal_flash.o
HAL_FLASH_IRQHandler                              build/stm32l4xx_hal_flash.o
HAL_FLASH_Lock                                    build/stm32l4xx_hal_flash.o
HAL_FLASH_OB_Launch                               build/stm32l4xx_hal_flash.o
HAL_FLASH_OB_Lock                                 build/stm32l4xx_hal_flash.o
HAL_FLASH_OB_Unlock                               build/stm32l4xx_hal_flash.o
HAL_FLASH_OperationErrorCallback                  build/stm32l4xx_hal_flash.o
HAL_FLASH_Program                                 build/stm32l4xx_hal_flash.o
HAL_FLASH_Program_IT                              build/stm32l4xx_hal_flash.o
HAL_FLASH_Unlock                                  build/stm32l4xx_hal_flash.o
HAL_GPIO_DeInit                                   build/stm32l4xx_hal_gpio.o
                                                  build/stm32l4xx_hal_msp.o
HAL_GPIO_EXTI_Callback                            build/stm32l4xx_hal_gpio.o
HAL_GPIO_EXTI_IRQHandler                          build/stm32l4xx_hal_gpio.o
HAL_GPIO_Init                                     build/stm32l4xx_hal_gpio.o
                                                  build/stm32l4xx_hal_rcc_ex.o
                                                  build/stm32l4xx_hal_rcc.o
                                                  build/m281_relay.o
                                                  build/stm32l4xx_hal_msp.o
                                                  build/main.o
HAL_GPIO_LockPin                                  build/stm32l4xx_hal_gpio.o
HAL_GPIO_ReadPin                                  build/stm32l4xx_hal_gpio.o
HAL_GPIO_TogglePin                                build/stm32l4xx_hal_gpio.o
HAL_GPIO_WritePin                                 build/stm32l4xx_hal_gpio.o
                                                  build/m281_relay.o
                                                  build/main.o
HAL_GetDEVID                                      build/stm32l4xx_hal.o
HAL_GetHalVersion                                 build/stm32l4xx_hal.o
HAL_GetREVID                                      build/stm32l4xx_hal.o
HAL_GetTick                                       build/stm32l4xx_hal.o
                                                  build/stm32l4xx_hal_uart_ex.o
                                                  build/stm32l4xx_hal_uart.o
                                                  build/stm32l4xx_hal_rcc_ex.o
                                                  build/stm32l4xx_hal_rcc.o
                                                  build/stm32l4xx_hal_pcd_ex.o
                                                  build/stm32l4xx_hal_flash.o
                                                  build/stm32l4xx_hal_dma.o
HAL_GetTickFreq                                   build/stm32l4xx_hal.o
HAL_GetTickPrio                                   build/stm32l4xx_hal.o
HAL_GetUIDw0                                      build/stm32l4xx_hal.o
HAL_GetUIDw1                                      build/stm32l4xx_hal.o
HAL_GetUIDw2                                      build/stm32l4xx_hal.o
HAL_HalfDuplex_EnableReceiver                     build/stm32l4xx_hal_uart.o
HAL_HalfDuplex_EnableTransmitter                  build/stm32l4xx_hal_uart.o
HAL_HalfDuplex_Init                               build/stm32l4xx_hal_uart.o
HAL_IncTick                                       build/stm32l4xx_hal.o
                                                  build/main.o
HAL_Init                                          build/stm32l4xx_hal.o
                                                  build/main.o
HAL_InitTick                                      build/stm32l4xx_hal_timebase_tim.o
                                                  build/stm32l4xx_hal_rcc.o
HAL_LIN_Init                                      build/stm32l4xx_hal_uart.o
HAL_LIN_SendBreak                                 build/stm32l4xx_hal_uart.o
HAL_MPU_ConfigRegion                              build/stm32l4xx_hal_cortex.o
HAL_MPU_Disable                                   build/stm32l4xx_hal_cortex.o
HAL_MPU_Enable                                    build/stm32l4xx_hal_cortex.o
HAL_MspDeInit                                     build/stm32l4xx_hal.o
HAL_MspInit                                       build/stm32l4xx_hal_msp.o
HAL_MultiProcessorEx_AddressLength_Set            build/stm32l4xx_hal_uart_ex.o
HAL_MultiProcessor_DisableMuteMode                build/stm32l4xx_hal_uart.o
HAL_MultiProcessor_EnableMuteMode                 build/stm32l4xx_hal_uart.o
HAL_MultiProcessor_EnterMuteMode                  build/stm32l4xx_hal_uart.o
HAL_MultiProcessor_Init                           build/stm32l4xx_hal_uart.o
HAL_NVIC_ClearPendingIRQ                          build/stm32l4xx_hal_cortex.o
HAL_NVIC_DisableIRQ                               build/stm32l4xx_hal_cortex.o
HAL_NVIC_EnableIRQ                                build/stm32l4xx_hal_cortex.o
                                                  build/stm32l4xx_hal_timebase_tim.o
HAL_NVIC_GetActive                                build/stm32l4xx_hal_cortex.o
HAL_NVIC_GetPendingIRQ                            build/stm32l4xx_hal_cortex.o
HAL_NVIC_GetPriority                              build/stm32l4xx_hal_cortex.o
HAL_NVIC_GetPriorityGrouping                      build/stm32l4xx_hal_cortex.o
HAL_NVIC_SetPendingIRQ                            build/stm32l4xx_hal_cortex.o
HAL_NVIC_SetPriority                              build/stm32l4xx_hal_cortex.o
                                                  build/stm32l4xx_hal.o
                                                  build/stm32l4xx_hal_timebase_tim.o
                                                  build/stm32l4xx_hal_msp.o
HAL_NVIC_SetPriorityGrouping                      build/stm32l4xx_hal_cortex.o
                                                  build/stm32l4xx_hal.o
HAL_NVIC_SystemReset                              build/stm32l4xx_hal_cortex.o
HAL_PCDEx_ActivateBCD                             build/stm32l4xx_hal_pcd_ex.o
HAL_PCDEx_ActivateLPM                             build/stm32l4xx_hal_pcd_ex.o
                                                  build/stm32l4xx_hal_pcd.o
HAL_PCDEx_BCD_Callback                            build/stm32l4xx_hal_pcd_ex.o
HAL_PCDEx_BCD_VBUSDetect                          build/stm32l4xx_hal_pcd_ex.o
HAL_PCDEx_DeActivateBCD                           build/stm32l4xx_hal_pcd_ex.o
HAL_PCDEx_DeActivateLPM                           build/stm32l4xx_hal_pcd_ex.o
HAL_PCDEx_LPM_Callback                            build/stm32l4xx_hal_pcd_ex.o
                                                  build/stm32l4xx_hal_pcd.o
HAL_PCDEx_SetRxFiFo                               build/stm32l4xx_hal_pcd_ex.o
HAL_PCDEx_SetTxFiFo                               build/stm32l4xx_hal_pcd_ex.o
HAL_PCD_ActivateRemoteWakeup                      build/stm32l4xx_hal_pcd.o
HAL_PCD_ConnectCallback                           build/stm32l4xx_hal_pcd.o
HAL_PCD_DataInStageCallback                       build/stm32l4xx_hal_pcd.o
HAL_PCD_DataOutStageCallback                      build/stm32l4xx_hal_pcd.o
HAL_PCD_DeActivateRemoteWakeup                    build/stm32l4xx_hal_pcd.o
HAL_PCD_DeInit                                    build/stm32l4xx_hal_pcd.o
HAL_PCD_DevConnect                                build/stm32l4xx_hal_pcd.o